Archive member included to satisfy reference by file (symbol)

c:/program files (x86)/embitz/1.11/share/em_armgcc/bin/../lib/gcc/arm-none-eabi/5.4.1/../../../../arm-none-eabi/lib/armv7-m\libg_n.a(lib_a-exit.o)
                              c:/program files (x86)/embitz/1.11/share/em_armgcc/bin/../lib/gcc/arm-none-eabi/5.4.1/../../../../arm-none-eabi/lib/armv7-m/crt0.o (exit)
c:/program files (x86)/embitz/1.11/share/em_armgcc/bin/../lib/gcc/arm-none-eabi/5.4.1/../../../../arm-none-eabi/lib/armv7-m\libg_n.a(lib_a-fflush.o)
                              obj\release\src\librarycfg.o (symbol from plugin) (fflush)
c:/program files (x86)/embitz/1.11/share/em_armgcc/bin/../lib/gcc/arm-none-eabi/5.4.1/../../../../arm-none-eabi/lib/armv7-m\libg_n.a(lib_a-findfp.o)
                              c:/program files (x86)/embitz/1.11/share/em_armgcc/bin/../lib/gcc/arm-none-eabi/5.4.1/../../../../arm-none-eabi/lib/armv7-m\libg_n.a(lib_a-fflush.o) (__sinit)
c:/program files (x86)/embitz/1.11/share/em_armgcc/bin/../lib/gcc/arm-none-eabi/5.4.1/../../../../arm-none-eabi/lib/armv7-m\libg_n.a(lib_a-fwalk.o)
                              c:/program files (x86)/embitz/1.11/share/em_armgcc/bin/../lib/gcc/arm-none-eabi/5.4.1/../../../../arm-none-eabi/lib/armv7-m\libg_n.a(lib_a-findfp.o) (_fwalk)
c:/program files (x86)/embitz/1.11/share/em_armgcc/bin/../lib/gcc/arm-none-eabi/5.4.1/../../../../arm-none-eabi/lib/armv7-m\libg_n.a(lib_a-impure.o)
                              c:/program files (x86)/embitz/1.11/share/em_armgcc/bin/../lib/gcc/arm-none-eabi/5.4.1/../../../../arm-none-eabi/lib/armv7-m\libg_n.a(lib_a-exit.o) (_global_impure_ptr)
c:/program files (x86)/embitz/1.11/share/em_armgcc/bin/../lib/gcc/arm-none-eabi/5.4.1/../../../../arm-none-eabi/lib/armv7-m\libg_n.a(lib_a-init.o)
                              c:/program files (x86)/embitz/1.11/share/em_armgcc/bin/../lib/gcc/arm-none-eabi/5.4.1/../../../../arm-none-eabi/lib/armv7-m/crt0.o (__libc_init_array)
c:/program files (x86)/embitz/1.11/share/em_armgcc/bin/../lib/gcc/arm-none-eabi/5.4.1/../../../../arm-none-eabi/lib/armv7-m\libg_n.a(lib_a-memset.o)
                              c:/program files (x86)/embitz/1.11/share/em_armgcc/bin/../lib/gcc/arm-none-eabi/5.4.1/../../../../arm-none-eabi/lib/armv7-m/crt0.o (memset)
c:/program files (x86)/embitz/1.11/share/em_armgcc/bin/../lib/gcc/arm-none-eabi/5.4.1/../../../../arm-none-eabi/lib/armv7-m\libg_n.a(lib_a-nano-freer.o)
                              c:/program files (x86)/embitz/1.11/share/em_armgcc/bin/../lib/gcc/arm-none-eabi/5.4.1/../../../../arm-none-eabi/lib/armv7-m\libg_n.a(lib_a-fflush.o) (_free_r)
c:/program files (x86)/embitz/1.11/share/em_armgcc/bin/../lib/gcc/arm-none-eabi/5.4.1/../../../../arm-none-eabi/lib/armv7-m\libg_n.a(lib_a-nano-mallocr.o)
                              c:/program files (x86)/embitz/1.11/share/em_armgcc/bin/../lib/gcc/arm-none-eabi/5.4.1/../../../../arm-none-eabi/lib/armv7-m\libg_n.a(lib_a-findfp.o) (_malloc_r)
c:/program files (x86)/embitz/1.11/share/em_armgcc/bin/../lib/gcc/arm-none-eabi/5.4.1/../../../../arm-none-eabi/lib/armv7-m\libg_n.a(lib_a-sbrkr.o)
                              c:/program files (x86)/embitz/1.11/share/em_armgcc/bin/../lib/gcc/arm-none-eabi/5.4.1/../../../../arm-none-eabi/lib/armv7-m\libg_n.a(lib_a-nano-mallocr.o) (_sbrk_r)
c:/program files (x86)/embitz/1.11/share/em_armgcc/bin/../lib/gcc/arm-none-eabi/5.4.1/../../../../arm-none-eabi/lib/armv7-m\libg_n.a(lib_a-stdio.o)
                              c:/program files (x86)/embitz/1.11/share/em_armgcc/bin/../lib/gcc/arm-none-eabi/5.4.1/../../../../arm-none-eabi/lib/armv7-m\libg_n.a(lib_a-findfp.o) (__sread)
c:/program files (x86)/embitz/1.11/share/em_armgcc/bin/../lib/gcc/arm-none-eabi/5.4.1/../../../../arm-none-eabi/lib/armv7-m\libg_n.a(lib_a-strtod.o)
                              obj\release\mysensors\core\mymessage.o (symbol from plugin) (strtod)
c:/program files (x86)/embitz/1.11/share/em_armgcc/bin/../lib/gcc/arm-none-eabi/5.4.1/../../../../arm-none-eabi/lib/armv7-m\libg_n.a(lib_a-strtok_r.o)
                              obj\release\mysensors\core\myprotocolmysensors.o (symbol from plugin) (strtok_r)
c:/program files (x86)/embitz/1.11/share/em_armgcc/bin/../lib/gcc/arm-none-eabi/5.4.1/../../../../arm-none-eabi/lib/armv7-m\libg_n.a(lib_a-strtol.o)
                              obj\release\mysensors\core\mymessage.o (symbol from plugin) (strtol)
c:/program files (x86)/embitz/1.11/share/em_armgcc/bin/../lib/gcc/arm-none-eabi/5.4.1/../../../../arm-none-eabi/lib/armv7-m\libg_n.a(lib_a-strtoul.o)
                              obj\release\src\mycustoms.o (symbol from plugin) (strtoul)
c:/program files (x86)/embitz/1.11/share/em_armgcc/bin/../lib/gcc/arm-none-eabi/5.4.1/../../../../arm-none-eabi/lib/armv7-m\libg_n.a(lib_a-writer.o)
                              c:/program files (x86)/embitz/1.11/share/em_armgcc/bin/../lib/gcc/arm-none-eabi/5.4.1/../../../../arm-none-eabi/lib/armv7-m\libg_n.a(lib_a-stdio.o) (_write_r)
[...]
Memory Configuration

Name             Origin             Length             Attributes
ROM              0x08000000         0x00020000         xr
RAM              0x20000000         0x00005000         xrw
*default*        0x00000000         0xffffffff

Linker script and memory map

LOAD c:/program files (x86)/embitz/1.11/share/em_armgcc/bin/../lib/gcc/arm-none-eabi/5.4.1/armv7-m/crti.o
LOAD c:/program files (x86)/embitz/1.11/share/em_armgcc/bin/../lib/gcc/arm-none-eabi/5.4.1/armv7-m/crtbegin.o
LOAD c:/program files (x86)/embitz/1.11/share/em_armgcc/bin/../lib/gcc/arm-none-eabi/5.4.1/../../../../arm-none-eabi/lib/armv7-m/crt0.o
                0x00000000                __HEAP_SIZE = 0x0
                0x00000100                __STACK_SIZE = 0x100

.text           0x08000000     0x69ac
 *(.isr_vector)
 .isr_vector    0x08000000       0xec obj\release\~#\~#\common\spl_f103\src\startup_stm32f10x_md.o
                0x08000000                __isr_vector
 *(.text*)
 .text          0x080000ec       0x5c c:/program files (x86)/embitz/1.11/share/em_armgcc/bin/../lib/gcc/arm-none-eabi/5.4.1/armv7-m/crtbegin.o
 .text          0x08000148       0x74 c:/program files (x86)/embitz/1.11/share/em_armgcc/bin/../lib/gcc/arm-none-eabi/5.4.1/../../../../arm-none-eabi/lib/armv7-m/crt0.o
                0x08000148                _start
                0x08000148                _mainCRTStartup
 .text._Z18transportSendRouteR9MyMessage
                0x080001bc       0x28 C:\Users\Hoang\AppData\Local\Temp\ccp7A2l3.ltrans0.ltrans.o
                0x080001bc                transportSendRoute(MyMessage&)
 .text._Z20transportProcessFIFOv.part.9.lto_priv.68
                0x080001e4      0x9b4 C:\Users\Hoang\AppData\Local\Temp\ccp7A2l3.ltrans0.ltrans.o
                0x080001e4                transportProcessFIFO() [clone .part.9] [clone .lto_priv.68]
 .text._Z17stReadyTransitionv
                0x08000b98       0x44 C:\Users\Hoang\AppData\Local\Temp\ccp7A2l3.ltrans1.ltrans.o
 .text._Z19stFailureTransitionv
                0x08000bdc       0x80 C:\Users\Hoang\AppData\Local\Temp\ccp7A2l3.ltrans1.ltrans.o
                0x08000bdc                stFailureTransition()
 .text._Z16stInitTransitionv
                0x08000c5c       0x40 C:\Users\Hoang\AppData\Local\Temp\ccp7A2l3.ltrans1.ltrans.o
 .text._Z21transportRouteMessageR9MyMessage
                0x08000c9c      0x300 C:\Users\Hoang\AppData\Local\Temp\ccp7A2l3.ltrans1.ltrans.o
                0x08000c9c                transportRouteMessage(MyMessage&)
 .text._Z18stUplinkTransitionv
                0x08000f9c       0x64 C:\Users\Hoang\AppData\Local\Temp\ccp7A2l3.ltrans1.ltrans.o
 .text._Z14stIDTransitionv
                0x08001000       0x68 C:\Users\Hoang\AppData\Local\Temp\ccp7A2l3.ltrans1.ltrans.o
 .text._Z18stParentTransitionv
                0x08001068       0x6c C:\Users\Hoang\AppData\Local\Temp\ccp7A2l3.ltrans1.ltrans.o
 .text._Z21transportAssignNodeIDh
                0x080010d4       0x84 C:\Users\Hoang\AppData\Local\Temp\ccp7A2l3.ltrans1.ltrans.o
                0x080010d4                transportAssignNodeID(unsigned char)
 .text._Z16transportProcessv
                0x08001158       0x20 C:\Users\Hoang\AppData\Local\Temp\ccp7A2l3.ltrans1.ltrans.o
                0x08001158                transportProcess()
 .text._Z17transportSwitchSMR16transportState_t
                0x08001178       0x2c C:\Users\Hoang\AppData\Local\Temp\ccp7A2l3.ltrans1.ltrans.o
                0x08001178                transportSwitchSM(transportState_t&)
 .text._Z19transportInitializev
                0x080011a4       0x1c C:\Users\Hoang\AppData\Local\Temp\ccp7A2l3.ltrans1.ltrans.o
                0x080011a4                transportInitialize()
 .text._Z15stFailureUpdatev
                0x080011c0       0x44 C:\Users\Hoang\AppData\Local\Temp\ccp7A2l3.ltrans1.ltrans.o
                0x080011c0                stFailureUpdate()
 .text._Z13stReadyUpdatev
                0x08001204       0x2c C:\Users\Hoang\AppData\Local\Temp\ccp7A2l3.ltrans1.ltrans.o
 .text._Z14stUplinkUpdatev
                0x08001230       0x9c C:\Users\Hoang\AppData\Local\Temp\ccp7A2l3.ltrans1.ltrans.o
 .text._Z10stIDUpdatev
                0x080012cc       0x80 C:\Users\Hoang\AppData\Local\Temp\ccp7A2l3.ltrans1.ltrans.o
 .text._Z14stParentUpdatev
                0x0800134c       0x98 C:\Users\Hoang\AppData\Local\Temp\ccp7A2l3.ltrans1.ltrans.o
 .text._Z12stInitUpdatev
                0x080013e4      0x2d4 C:\Users\Hoang\AppData\Local\Temp\ccp7A2l3.ltrans1.ltrans.o
 .text._ZL19transportRxCallbackv.lto_priv.66
                0x080016b8       0xec C:\Users\Hoang\AppData\Local\Temp\ccp7A2l3.ltrans2.ltrans.o
                0x080016b8                transportRxCallback() [clone .lto_priv.66]
 .text.delay_us.part.0.lto_priv.64
                0x080017a4       0x74 C:\Users\Hoang\AppData\Local\Temp\ccp7A2l3.ltrans2.ltrans.o
                0x080017a4                delay_us.part.0.lto_priv.64
 .text.startup.main
                0x08001818      0x578 C:\Users\Hoang\AppData\Local\Temp\ccp7A2l3.ltrans2.ltrans.o
                0x08001818                main
 .text.RF24_SPI_transfer
                0x08001d90       0x24 C:\Users\Hoang\AppData\Local\Temp\ccp7A2l3.ltrans2.ltrans.o
                0x08001d90                RF24_SPI_transfer
 .text.EXTI9_5_IRQHandler
                0x08001db4       0x44 C:\Users\Hoang\AppData\Local\Temp\ccp7A2l3.ltrans2.ltrans.o
                0x08001db4                EXTI9_5_IRQHandler
 .text._write   0x08001df8       0xb4 C:\Users\Hoang\AppData\Local\Temp\ccp7A2l3.ltrans2.ltrans.o
                0x08001df8                _write
 .text.millis   0x08001eac       0x4c C:\Users\Hoang\AppData\Local\Temp\ccp7A2l3.ltrans2.ltrans.o
                0x08001eac                millis
 .text.itoa.part.0.constprop.30
                0x08001ef8       0x6c C:\Users\Hoang\AppData\Local\Temp\ccp7A2l3.ltrans3.ltrans.o
 .text.Block_PushBlock.constprop.55
                0x08001f64       0xe4 C:\Users\Hoang\AppData\Local\Temp\ccp7A2l3.ltrans3.ltrans.o
 .text.startup._GLOBAL__I_65535_0_misc.o.7692
                0x08002048       0x78 C:\Users\Hoang\AppData\Local\Temp\ccp7A2l3.ltrans3.ltrans.o
 .text.FLASH_ProgramOptionByteData.part.7.constprop.58
                0x080020c0       0x44 C:\Users\Hoang\AppData\Local\Temp\ccp7A2l3.ltrans3.ltrans.o
                0x080020c0                FLASH_ProgramOptionByteData.part.7.constprop.58
 .text.FStore_GetKey.constprop.53
                0x08002104       0x88 C:\Users\Hoang\AppData\Local\Temp\ccp7A2l3.ltrans3.ltrans.o
                0x08002104                FStore_GetKey.constprop.53
 .text.FStore_GetKey8.constprop.52
                0x0800218c       0x18 C:\Users\Hoang\AppData\Local\Temp\ccp7A2l3.ltrans3.ltrans.o
                0x0800218c                FStore_GetKey8.constprop.52
 .text.FStore_Check_Copy_Erase.part.0.constprop.48
                0x080021a4      0x2d0 C:\Users\Hoang\AppData\Local\Temp\ccp7A2l3.ltrans3.ltrans.o
                0x080021a4                FStore_Check_Copy_Erase.part.0.constprop.48
 .text.FStore_SetKey.constprop.46
                0x08002474       0x8c C:\Users\Hoang\AppData\Local\Temp\ccp7A2l3.ltrans3.ltrans.o
                0x08002474                FStore_SetKey.constprop.46
 .text.FStore_SetKey8.constprop.44
                0x08002500       0x2c C:\Users\Hoang\AppData\Local\Temp\ccp7A2l3.ltrans3.ltrans.o
                0x08002500                FStore_SetKey8.constprop.44
 .text.FStore_SaveStruct.constprop.41
                0x0800252c       0x20 C:\Users\Hoang\AppData\Local\Temp\ccp7A2l3.ltrans3.ltrans.o
                0x0800252c                FStore_SaveStruct.constprop.41
 .text._ZNK9MyMessage9getStringEPc.constprop.29
                0x0800254c      0x180 C:\Users\Hoang\AppData\Local\Temp\ccp7A2l3.ltrans3.ltrans.o
                0x0800254c                MyMessage::getString(char*) const [clone .constprop.29]
 .text._ZNK9MyMessage7getByteEv.constprop.27
                0x080026cc       0x30 C:\Users\Hoang\AppData\Local\Temp\ccp7A2l3.ltrans3.ltrans.o
                0x080026cc                MyMessage::getByte() const [clone .constprop.27]
 .text._Z4sendR9MyMessageb.constprop.26
                0x080026fc       0x3c C:\Users\Hoang\AppData\Local\Temp\ccp7A2l3.ltrans3.ltrans.o
                0x080026fc                send(MyMessage&, bool) [clone .constprop.26]
 .text._Z12wait_processmhh.constprop.11
                0x08002738       0x60 C:\Users\Hoang\AppData\Local\Temp\ccp7A2l3.ltrans3.ltrans.o
                0x08002738                wait_process(unsigned long, unsigned char, unsigned char) [clone .constprop.11]
 .text._Z23transportWaitUntilReadym.constprop.6
                0x08002798       0x38 C:\Users\Hoang\AppData\Local\Temp\ccp7A2l3.ltrans3.ltrans.o
                0x08002798                transportWaitUntilReady(unsigned long) [clone .constprop.6]
 .text.FLASH_GetBank1Status
                0x080027d0       0x28 C:\Users\Hoang\AppData\Local\Temp\ccp7A2l3.ltrans4.ltrans.o
 .text._Z12wait_processm
                0x080027f8       0x94 C:\Users\Hoang\AppData\Local\Temp\ccp7A2l3.ltrans4.ltrans.o
                0x080027f8                wait_process(unsigned long)
 .text._ZN9MyMessage3setEh
                0x0800288c       0x20 C:\Users\Hoang\AppData\Local\Temp\ccp7A2l3.ltrans4.ltrans.o
                0x0800288c                MyMessage::set(unsigned char)
 .text._ZN9MyMessage3setEPKc
                0x080028ac       0x78 C:\Users\Hoang\AppData\Local\Temp\ccp7A2l3.ltrans4.ltrans.o
                0x080028ac                MyMessage::set(char const*)
 .text._Z11presentNodev
                0x08002924       0xc8 C:\Users\Hoang\AppData\Local\Temp\ccp7A2l3.ltrans4.ltrans.o
                0x08002924                presentNode()
 .text._ZN9MyMessage3setEPvh
                0x080029ec       0x38 C:\Users\Hoang\AppData\Local\Temp\ccp7A2l3.ltrans4.ltrans.o
                0x080029ec                MyMessage::set(void*, unsigned char)
 .text.startup._ZN9MyMessageC2Ev
                0x08002a24       0x34 C:\Users\Hoang\AppData\Local\Temp\ccp7A2l3.ltrans4.ltrans.o
                0x08002a24                MyMessage::MyMessage()
                0x08002a24                MyMessage::MyMessage()
 .text._Z12hwDebugPrintPKcz
                0x08002a58       0x40 C:\Users\Hoang\AppData\Local\Temp\ccp7A2l3.ltrans4.ltrans.o
                0x08002a58                hwDebugPrint(char const*, ...)
 .text._Z23_callbackTransportReadyv
                0x08002a98       0x94 C:\Users\Hoang\AppData\Local\Temp\ccp7A2l3.ltrans4.ltrans.o
                0x08002a98                _callbackTransportReady()
 .text._Z13hwWriteConfigih
                0x08002b2c       0x20 C:\Users\Hoang\AppData\Local\Temp\ccp7A2l3.ltrans4.ltrans.o
                0x08002b2c                hwWriteConfig(int, unsigned char)
 .text._Z12hwReadConfigi
                0x08002b4c        0xc C:\Users\Hoang\AppData\Local\Temp\ccp7A2l3.ltrans4.ltrans.o
                0x08002b4c                hwReadConfig(int)
 .text._Z17hwReadConfigBlockPvS_j
                0x08002b58       0x30 C:\Users\Hoang\AppData\Local\Temp\ccp7A2l3.ltrans4.ltrans.o
                0x08002b58                hwReadConfigBlock(void*, void*, unsigned int)
 .text.NVIC_SystemReset.lto_priv.60
                0x08002b88       0x20 C:\Users\Hoang\AppData\Local\Temp\ccp7A2l3.ltrans4.ltrans.o
                0x08002b88                NVIC_SystemReset.lto_priv.60
 .text.RF24_spiWriteMultiByte
                0x08002ba8       0x38 C:\Users\Hoang\AppData\Local\Temp\ccp7A2l3.ltrans4.ltrans.o
                0x08002ba8                RF24_spiWriteMultiByte
 .text.RF24_startListening
                0x08002be0       0x54 C:\Users\Hoang\AppData\Local\Temp\ccp7A2l3.ltrans4.ltrans.o
                0x08002be0                RF24_startListening
 .text.RF24_spiReadMultiByte
                0x08002c34       0x40 C:\Users\Hoang\AppData\Local\Temp\ccp7A2l3.ltrans4.ltrans.o
                0x08002c34                RF24_spiReadMultiByte
 .text.RF24_sanityCheck
                0x08002c74       0x3c C:\Users\Hoang\AppData\Local\Temp\ccp7A2l3.ltrans4.ltrans.o
                0x08002c74                RF24_sanityCheck
 .text.RF24_readMessage
                0x08002cb0       0x44 C:\Users\Hoang\AppData\Local\Temp\ccp7A2l3.ltrans4.ltrans.o
                0x08002cb0                RF24_readMessage
 .text.Flash_Lock
                0x08002cf4       0x1c C:\Users\Hoang\AppData\Local\Temp\ccp7A2l3.ltrans4.ltrans.o
                0x08002cf4                Flash_Lock
 .text.SystemInit
                0x08002d10      0x104 C:\Users\Hoang\AppData\Local\Temp\ccp7A2l3.ltrans4.ltrans.o
                0x08002d10                SystemInit
 .text.FLASH_WaitForLastOperation
                0x08002e14       0x24 C:\Users\Hoang\AppData\Local\Temp\ccp7A2l3.ltrans4.ltrans.o
                0x08002e14                FLASH_WaitForLastOperation
 .text.FLASH_EraseOptionBytes
                0x08002e38       0x88 C:\Users\Hoang\AppData\Local\Temp\ccp7A2l3.ltrans4.ltrans.o
                0x08002e38                FLASH_EraseOptionBytes
 .text.Watchdog_hardware_begin
                0x08002ec0       0x78 C:\Users\Hoang\AppData\Local\Temp\ccp7A2l3.ltrans4.ltrans.o
                0x08002ec0                Watchdog_hardware_begin
 .text._Z12customReportv
                0x08002f38       0x58 C:\Users\Hoang\AppData\Local\Temp\ccp7A2l3.ltrans5.ltrans.o
 .text._Z16customReportFullv
                0x08002f90      0x144 C:\Users\Hoang\AppData\Local\Temp\ccp7A2l3.ltrans5.ltrans.o
 .text._Z16customSaveConfigv
                0x080030d4       0x24 C:\Users\Hoang\AppData\Local\Temp\ccp7A2l3.ltrans5.ltrans.o
 .text._Z7receiveRK9MyMessage
                0x080030f8      0x34c C:\Users\Hoang\AppData\Local\Temp\ccp7A2l3.ltrans5.ltrans.o
                0x080030f8                receive(MyMessage const&)
 .text._Z5setupv
                0x08003444       0x34 C:\Users\Hoang\AppData\Local\Temp\ccp7A2l3.ltrans5.ltrans.o
                0x08003444                setup()
 .text._ZN9MyMessageC2Ehh.constprop.4
                0x08003478       0x38 C:\Users\Hoang\AppData\Local\Temp\ccp7A2l3.ltrans5.ltrans.o
                0x08003478                MyMessage::MyMessage(unsigned char, unsigned char) [clone .constprop.4]
 .text._Z12read_sensorsv
                0x080034b0       0xa4 C:\Users\Hoang\AppData\Local\Temp\ccp7A2l3.ltrans5.ltrans.o
                0x080034b0                read_sensors()
 .text          0x08003554       0xb8 obj\release\~#\~#\common\spl_f103\src\startup_stm32f10x_md.o
                0x08003554                Reset_Handler
                0x0800359a                NMI_Handler
                0x0800359c                HardFault_Handler
                0x0800359e                MemManage_Handler
                0x080035a0                BusFault_Handler
                0x080035a2                UsageFault_Handler
                0x080035a4                SVC_Handler
                0x080035a6                DebugMon_Handler
                0x080035a8                PendSV_Handler
                0x080035aa                SysTick_Handler
                0x080035ac                Default_Handler
                0x080035ae                WWDG_IRQHandler
                0x080035b0                PVD_IRQHandler
                0x080035b2                TAMPER_IRQHandler
                0x080035b4                RTC_IRQHandler
                0x080035b6                FLASH_IRQHandler
                0x080035b8                RCC_IRQHandler
                0x080035ba                EXTI0_IRQHandler
                0x080035bc                EXTI1_IRQHandler
                0x080035be                EXTI2_IRQHandler
                0x080035c0                EXTI3_IRQHandler
                0x080035c2                EXTI4_IRQHandler
                0x080035c4                DMA1_Channel1_IRQHandler
                0x080035c6                DMA1_Channel2_IRQHandler
                0x080035c8                DMA1_Channel3_IRQHandler
                0x080035ca                DMA1_Channel4_IRQHandler
                0x080035cc                DMA1_Channel5_IRQHandler
                0x080035ce                DMA1_Channel6_IRQHandler
                0x080035d0                DMA1_Channel7_IRQHandler
                0x080035d2                ADC1_2_IRQHandler
                0x080035d4                USB_HP_CAN1_TX_IRQHandler
                0x080035d6                USB_LP_CAN1_RX0_IRQHandler
                0x080035d8                CAN1_RX1_IRQHandler
                0x080035da                CAN1_SCE_IRQHandler
                0x080035de                TIM1_BRK_IRQHandler
                0x080035e0                TIM1_UP_IRQHandler
                0x080035e2                TIM1_TRG_COM_IRQHandler
                0x080035e4                TIM1_CC_IRQHandler
                0x080035e6                TIM2_IRQHandler
                0x080035e8                TIM3_IRQHandler
                0x080035ea                TIM4_IRQHandler
                0x080035ec                I2C1_EV_IRQHandler
                0x080035ee                I2C1_ER_IRQHandler
                0x080035f0                I2C2_EV_IRQHandler
                0x080035f2                I2C2_ER_IRQHandler
                0x080035f4                SPI1_IRQHandler
                0x080035f6                SPI2_IRQHandler
                0x080035f8                USART1_IRQHandler
                0x080035fa                USART2_IRQHandler
                0x080035fc                USART3_IRQHandler
                0x080035fe                EXTI15_10_IRQHandler
                0x08003600                RTCAlarm_IRQHandler
                0x08003602                USBWakeUp_IRQHandler
 .text.exit     0x0800360c       0x28 c:/program files (x86)/embitz/1.11/share/em_armgcc/bin/../lib/gcc/arm-none-eabi/5.4.1/../../../../arm-none-eabi/lib/armv7-m\libg_n.a(lib_a-exit.o)
                0x0800360c                exit
 .text.__sflush_r
                0x08003634      0x10c c:/program files (x86)/embitz/1.11/share/em_armgcc/bin/../lib/gcc/arm-none-eabi/5.4.1/../../../../arm-none-eabi/lib/armv7-m\libg_n.a(lib_a-fflush.o)
                0x08003634                __sflush_r
 .text._fflush_r
                0x08003740       0x54 c:/program files (x86)/embitz/1.11/share/em_armgcc/bin/../lib/gcc/arm-none-eabi/5.4.1/../../../../arm-none-eabi/lib/armv7-m\libg_n.a(lib_a-fflush.o)
                0x08003740                _fflush_r
 .text._cleanup_r
                0x08003794        0xc c:/program files (x86)/embitz/1.11/share/em_armgcc/bin/../lib/gcc/arm-none-eabi/5.4.1/../../../../arm-none-eabi/lib/armv7-m\libg_n.a(lib_a-findfp.o)
                0x08003794                _cleanup_r
 .text.std.isra.0
                0x080037a0       0x48 c:/program files (x86)/embitz/1.11/share/em_armgcc/bin/../lib/gcc/arm-none-eabi/5.4.1/../../../../arm-none-eabi/lib/armv7-m\libg_n.a(lib_a-findfp.o)
 .text.__sfmoreglue
                0x080037e8       0x2c c:/program files (x86)/embitz/1.11/share/em_armgcc/bin/../lib/gcc/arm-none-eabi/5.4.1/../../../../arm-none-eabi/lib/armv7-m\libg_n.a(lib_a-findfp.o)
                0x080037e8                __sfmoreglue
 .text.__sinit  0x08003814       0x60 c:/program files (x86)/embitz/1.11/share/em_armgcc/bin/../lib/gcc/arm-none-eabi/5.4.1/../../../../arm-none-eabi/lib/armv7-m\libg_n.a(lib_a-findfp.o)
                0x08003814                __sinit
 .text.__sfp    0x08003874       0x78 c:/program files (x86)/embitz/1.11/share/em_armgcc/bin/../lib/gcc/arm-none-eabi/5.4.1/../../../../arm-none-eabi/lib/armv7-m\libg_n.a(lib_a-findfp.o)
                0x08003874                __sfp
 .text._fwalk_reent
                0x080038ec       0x3c c:/program files (x86)/embitz/1.11/share/em_armgcc/bin/../lib/gcc/arm-none-eabi/5.4.1/../../../../arm-none-eabi/lib/armv7-m\libg_n.a(lib_a-fwalk.o)
                0x080038ec                _fwalk_reent
 .text.__libc_init_array
                0x08003928       0x4c c:/program files (x86)/embitz/1.11/share/em_armgcc/bin/../lib/gcc/arm-none-eabi/5.4.1/../../../../arm-none-eabi/lib/armv7-m\libg_n.a(lib_a-init.o)
                0x08003928                __libc_init_array
 .text.memset   0x08003974       0x10 c:/program files (x86)/embitz/1.11/share/em_armgcc/bin/../lib/gcc/arm-none-eabi/5.4.1/../../../../arm-none-eabi/lib/armv7-m\libg_n.a(lib_a-memset.o)
                0x08003974                memset
 .text._free_r  0x08003984       0x98 c:/program files (x86)/embitz/1.11/share/em_armgcc/bin/../lib/gcc/arm-none-eabi/5.4.1/../../../../arm-none-eabi/lib/armv7-m\libg_n.a(lib_a-nano-freer.o)
                0x08003984                _free_r
 .text._malloc_r
                0x08003a1c       0xbc c:/program files (x86)/embitz/1.11/share/em_armgcc/bin/../lib/gcc/arm-none-eabi/5.4.1/../../../../arm-none-eabi/lib/armv7-m\libg_n.a(lib_a-nano-mallocr.o)
                0x08003a1c                _malloc_r
 .text._sbrk_r  0x08003ad8       0x20 c:/program files (x86)/embitz/1.11/share/em_armgcc/bin/../lib/gcc/arm-none-eabi/5.4.1/../../../../arm-none-eabi/lib/armv7-m\libg_n.a(lib_a-sbrkr.o)
                0x08003ad8                _sbrk_r
 .text.__sread  0x08003af8       0x22 c:/program files (x86)/embitz/1.11/share/em_armgcc/bin/../lib/gcc/arm-none-eabi/5.4.1/../../../../arm-none-eabi/lib/armv7-m\libg_n.a(lib_a-stdio.o)
                0x08003af8                __sread
 .text.__swrite
                0x08003b1a       0x38 c:/program files (x86)/embitz/1.11/share/em_armgcc/bin/../lib/gcc/arm-none-eabi/5.4.1/../../../../arm-none-eabi/lib/armv7-m\libg_n.a(lib_a-stdio.o)
                0x08003b1a                __swrite
 .text.__sseek  0x08003b52       0x24 c:/program files (x86)/embitz/1.11/share/em_armgcc/bin/../lib/gcc/arm-none-eabi/5.4.1/../../../../arm-none-eabi/lib/armv7-m\libg_n.a(lib_a-stdio.o)
                0x08003b52                __sseek
 .text.__sclose
                0x08003b76        0x8 c:/program files (x86)/embitz/1.11/share/em_armgcc/bin/../lib/gcc/arm-none-eabi/5.4.1/../../../../arm-none-eabi/lib/armv7-m\libg_n.a(lib_a-stdio.o)
                0x08003b76                __sclose
 *fill*         0x08003b7e        0x2 
 .text._strtol_r
                0x08003b80      0x10c c:/program files (x86)/embitz/1.11/share/em_armgcc/bin/../lib/gcc/arm-none-eabi/5.4.1/../../../../arm-none-eabi/lib/armv7-m\libg_n.a(lib_a-strtol.o)
                0x08003b80                _strtol_r
 .text.strtol   0x08003c8c       0x14 c:/program files (x86)/embitz/1.11/share/em_armgcc/bin/../lib/gcc/arm-none-eabi/5.4.1/../../../../arm-none-eabi/lib/armv7-m\libg_n.a(lib_a-strtol.o)
                0x08003c8c                strtol
 .text._strtoul_r
                0x08003ca0       0xfc c:/program files (x86)/embitz/1.11/share/em_armgcc/bin/../lib/gcc/arm-none-eabi/5.4.1/../../../../arm-none-eabi/lib/armv7-m\libg_n.a(lib_a-strtoul.o)
                0x08003ca0                _strtoul_r
 .text.strtoul  0x08003d9c       0x14 c:/program files (x86)/embitz/1.11/share/em_armgcc/bin/../lib/gcc/arm-none-eabi/5.4.1/../../../../arm-none-eabi/lib/armv7-m\libg_n.a(lib_a-strtoul.o)
                0x08003d9c                strtoul
 .text._write_r
                0x08003db0       0x24 c:/program files (x86)/embitz/1.11/share/em_armgcc/bin/../lib/gcc/arm-none-eabi/5.4.1/../../../../arm-none-eabi/lib/armv7-m\libg_n.a(lib_a-writer.o)
                0x08003db0                _write_r
 .text._close_r
                0x08003dd4       0x20 c:/program files (x86)/embitz/1.11/share/em_armgcc/bin/../lib/gcc/arm-none-eabi/5.4.1/../../../../arm-none-eabi/lib/armv7-m\libg_n.a(lib_a-closer.o)
                0x08003dd4                _close_r
 .text._lseek_r
                0x08003df4       0x24 c:/program files (x86)/embitz/1.11/share/em_armgcc/bin/../lib/gcc/arm-none-eabi/5.4.1/../../../../arm-none-eabi/lib/armv7-m\libg_n.a(lib_a-lseekr.o)
                0x08003df4                _lseek_r
 .text.memcpy   0x08003e18       0x16 c:/program files (x86)/embitz/1.11/share/em_armgcc/bin/../lib/gcc/arm-none-eabi/5.4.1/../../../../arm-none-eabi/lib/armv7-m\libg_n.a(lib_a-memcpy-stub.o)
                0x08003e18                memcpy
 .text.__malloc_lock
                0x08003e2e        0x2 c:/program files (x86)/embitz/1.11/share/em_armgcc/bin/../lib/gcc/arm-none-eabi/5.4.1/../../../../arm-none-eabi/lib/armv7-m\libg_n.a(lib_a-mlock.o)
                0x08003e2e                __malloc_lock
 .text.__malloc_unlock
                0x08003e30        0x2 c:/program files (x86)/embitz/1.11/share/em_armgcc/bin/../lib/gcc/arm-none-eabi/5.4.1/../../../../arm-none-eabi/lib/armv7-m\libg_n.a(lib_a-mlock.o)
                0x08003e30                __malloc_unlock
 *fill*         0x08003e32        0x2 
 .text._read_r  0x08003e34       0x24 c:/program files (x86)/embitz/1.11/share/em_armgcc/bin/../lib/gcc/arm-none-eabi/5.4.1/../../../../arm-none-eabi/lib/armv7-m\libg_n.a(lib_a-readr.o)
                0x08003e34                _read_r
 .text          0x08003e58       0x10 c:/program files (x86)/embitz/1.11/share/em_armgcc/bin/../lib/gcc/arm-none-eabi/5.4.1/../../../../arm-none-eabi/lib/armv7-m\libg_n.a(lib_a-strlen.o)
                0x08003e58                strlen
 .text          0x08003e68      0x370 c:/program files (x86)/embitz/1.11/share/em_armgcc/bin/../lib/gcc/arm-none-eabi/5.4.1/armv7-m\libgcc.a(_arm_addsubdf3.o)
                0x08003e68                __aeabi_drsub
                0x08003e70                __aeabi_dsub
                0x08003e70                __subdf3
                0x08003e74                __aeabi_dadd
                0x08003e74                __adddf3
                0x080040ec                __floatunsidf
                0x080040ec                __aeabi_ui2d
                0x0800410c                __floatsidf
                0x0800410c                __aeabi_i2d
                0x08004130                __aeabi_f2d
                0x08004130                __extendsfdf2
                0x0800416c                __floatundidf
                0x0800416c                __aeabi_ul2d
                0x0800417c                __floatdidf
                0x0800417c                __aeabi_l2d
 .text._close   0x080041d8       0x10 c:/program files (x86)/embitz/1.11/share/em_armgcc/bin/../lib/gcc/arm-none-eabi/5.4.1/../../../../arm-none-eabi/lib/armv7-m\libnosys_s.a(close.o)
                0x080041d8                _close
 .text._lseek   0x080041e8       0x10 c:/program files (x86)/embitz/1.11/share/em_armgcc/bin/../lib/gcc/arm-none-eabi/5.4.1/../../../../arm-none-eabi/lib/armv7-m\libnosys_s.a(lseek.o)
                0x080041e8                _lseek
 .text._read    0x080041f8       0x10 c:/program files (x86)/embitz/1.11/share/em_armgcc/bin/../lib/gcc/arm-none-eabi/5.4.1/../../../../arm-none-eabi/lib/armv7-m\libnosys_s.a(read.o)
                0x080041f8                _read
 .text._sbrk    0x08004208       0x1c c:/program files (x86)/embitz/1.11/share/em_armgcc/bin/../lib/gcc/arm-none-eabi/5.4.1/../../../../arm-none-eabi/lib/armv7-m\libnosys_s.a(sbrk.o)
                0x08004208                _sbrk
 .text._exit    0x08004224        0x2 c:/program files (x86)/embitz/1.11/share/em_armgcc/bin/../lib/gcc/arm-none-eabi/5.4.1/../../../../arm-none-eabi/lib/armv7-m\libnosys_s.a(_exit.o)
                0x08004224                _exit
 *fill*         0x08004226        0x2 
 .text          0x08004228      0x9e4 c:/program files (x86)/embitz/1.11/share/em_armgcc/bin/../lib/gcc/arm-none-eabi/5.4.1/armv7-m\libgcc.a(unwind-arm.o)
                0x080044e8                _Unwind_GetCFA
                0x080044ec                __gnu_Unwind_RaiseException
                0x0800454c                __gnu_Unwind_ForcedUnwind
                0x08004560                __gnu_Unwind_Resume
                0x080045a4                __gnu_Unwind_Resume_or_Rethrow
                0x080045b8                _Unwind_Complete
                0x080045bc                _Unwind_DeleteException
                0x080045c8                _Unwind_VRS_Get
                0x08004614                _Unwind_VRS_Set
                0x08004664                __gnu_Unwind_Backtrace
                0x080049b0                __aeabi_unwind_cpp_pr0
                0x080049b4                __aeabi_unwind_cpp_pr1
                0x080049b8                __aeabi_unwind_cpp_pr2
                0x080049bc                _Unwind_VRS_Pop
 .text          0x08004c0c      0x1ac c:/program files (x86)/embitz/1.11/share/em_armgcc/bin/../lib/gcc/arm-none-eabi/5.4.1/armv7-m\libgcc.a(libunwind.o)
                0x08004c0c                __restore_core_regs
                0x08004c0c                restore_core_regs
                0x08004c24                __gnu_Unwind_Restore_VFP
                0x08004c2c                __gnu_Unwind_Save_VFP
                0x08004c34                __gnu_Unwind_Restore_VFP_D
                0x08004c3c                __gnu_Unwind_Save_VFP_D
                0x08004c44                __gnu_Unwind_Restore_VFP_D_16_to_31
                0x08004c4c                __gnu_Unwind_Save_VFP_D_16_to_31
                0x08004c54                __gnu_Unwind_Restore_WMMXD
                0x08004c98                __gnu_Unwind_Save_WMMXD
                0x08004cdc                __gnu_Unwind_Restore_WMMXC
                0x08004cf0                __gnu_Unwind_Save_WMMXC
                0x08004d04                ___Unwind_RaiseException
                0x08004d04                _Unwind_RaiseException
                0x08004d28                _Unwind_Resume
                0x08004d28                ___Unwind_Resume
                0x08004d4c                _Unwind_Resume_or_Rethrow
                0x08004d4c                ___Unwind_Resume_or_Rethrow
                0x08004d70                _Unwind_ForcedUnwind
                0x08004d70                ___Unwind_ForcedUnwind
                0x08004d94                ___Unwind_Backtrace
                0x08004d94                _Unwind_Backtrace
 .text          0x08004db8      0x354 c:/program files (x86)/embitz/1.11/share/em_armgcc/bin/../lib/gcc/arm-none-eabi/5.4.1/armv7-m\libgcc.a(pr-support.o)
                0x08004e10                __gnu_unwind_execute
                0x080050b4                __gnu_unwind_frame
                0x080050dc                _Unwind_GetRegionStart
                0x080050e8                _Unwind_GetLanguageSpecificData
                0x080050fc                _Unwind_GetTextRelBase
                0x08005104                _Unwind_GetDataRelBase
 .text.abort    0x0800510c        0xe c:/program files (x86)/embitz/1.11/share/em_armgcc/bin/../lib/gcc/arm-none-eabi/5.4.1/../../../../arm-none-eabi/lib/armv7-m\libg_n.a(lib_a-abort.o)
                0x0800510c                abort
 *fill*         0x0800511a        0x2 
 .text.printf   0x0800511c       0x30 c:/program files (x86)/embitz/1.11/share/em_armgcc/bin/../lib/gcc/arm-none-eabi/5.4.1/../../../../arm-none-eabi/lib/armv7-m\libg_n.a(lib_a-printf.o)
                0x0800511c                iprintf
                0x0800511c                printf
 .text.putchar  0x0800514c       0x28 c:/program files (x86)/embitz/1.11/share/em_armgcc/bin/../lib/gcc/arm-none-eabi/5.4.1/../../../../arm-none-eabi/lib/armv7-m\libg_n.a(lib_a-putchar.o)
                0x0800514c                putchar
 .text._puts_r  0x08005174       0xb4 c:/program files (x86)/embitz/1.11/share/em_armgcc/bin/../lib/gcc/arm-none-eabi/5.4.1/../../../../arm-none-eabi/lib/armv7-m\libg_n.a(lib_a-puts.o)
                0x08005174                _puts_r
 .text.puts     0x08005228       0x10 c:/program files (x86)/embitz/1.11/share/em_armgcc/bin/../lib/gcc/arm-none-eabi/5.4.1/../../../../arm-none-eabi/lib/armv7-m\libg_n.a(lib_a-puts.o)
                0x08005228                puts
 .text._raise_r
                0x08005238       0x54 c:/program files (x86)/embitz/1.11/share/em_armgcc/bin/../lib/gcc/arm-none-eabi/5.4.1/../../../../arm-none-eabi/lib/armv7-m\libg_n.a(lib_a-signal.o)
                0x08005238                _raise_r
 .text.raise    0x0800528c       0x10 c:/program files (x86)/embitz/1.11/share/em_armgcc/bin/../lib/gcc/arm-none-eabi/5.4.1/../../../../arm-none-eabi/lib/armv7-m\libg_n.a(lib_a-signal.o)
                0x0800528c                raise
 .text._kill_r  0x0800529c       0x24 c:/program files (x86)/embitz/1.11/share/em_armgcc/bin/../lib/gcc/arm-none-eabi/5.4.1/../../../../arm-none-eabi/lib/armv7-m\libg_n.a(lib_a-signalr.o)
                0x0800529c                _kill_r
 .text._getpid_r
                0x080052c0        0x4 c:/program files (x86)/embitz/1.11/share/em_armgcc/bin/../lib/gcc/arm-none-eabi/5.4.1/../../../../arm-none-eabi/lib/armv7-m\libg_n.a(lib_a-signalr.o)
                0x080052c0                _getpid_r
 .text.sprintf  0x080052c4       0x48 c:/program files (x86)/embitz/1.11/share/em_armgcc/bin/../lib/gcc/arm-none-eabi/5.4.1/../../../../arm-none-eabi/lib/armv7-m\libg_n.a(lib_a-sprintf.o)
                0x080052c4                siprintf
                0x080052c4                sprintf
 .text.strncpy  0x0800530c       0x26 c:/program files (x86)/embitz/1.11/share/em_armgcc/bin/../lib/gcc/arm-none-eabi/5.4.1/../../../../arm-none-eabi/lib/armv7-m\libg_n.a(lib_a-strncpy.o)
                0x0800530c                strncpy
 .text._vsnprintf_r
                0x08005332       0x56 c:/program files (x86)/embitz/1.11/share/em_armgcc/bin/../lib/gcc/arm-none-eabi/5.4.1/../../../../arm-none-eabi/lib/armv7-m\libg_n.a(lib_a-vsnprintf.o)
                0x08005332                _vsniprintf_r
                0x08005332                _vsnprintf_r
 .text.vsnprintf
                0x08005388       0x1c c:/program files (x86)/embitz/1.11/share/em_armgcc/bin/../lib/gcc/arm-none-eabi/5.4.1/../../../../arm-none-eabi/lib/armv7-m\libg_n.a(lib_a-vsnprintf.o)
                0x08005388                vsniprintf
                0x08005388                vsnprintf
 .text.__swbuf_r
                0x080053a4       0xa8 c:/program files (x86)/embitz/1.11/share/em_armgcc/bin/../lib/gcc/arm-none-eabi/5.4.1/../../../../arm-none-eabi/lib/armv7-m\libg_n.a(lib_a-wbuf.o)
                0x080053a4                __swbuf_r
 .text.__swsetup_r
                0x0800544c       0xdc c:/program files (x86)/embitz/1.11/share/em_armgcc/bin/../lib/gcc/arm-none-eabi/5.4.1/../../../../arm-none-eabi/lib/armv7-m\libg_n.a(lib_a-wsetup.o)
                0x0800544c                __swsetup_r
 .text.__swhatbuf_r
                0x08005528       0x46 c:/program files (x86)/embitz/1.11/share/em_armgcc/bin/../lib/gcc/arm-none-eabi/5.4.1/../../../../arm-none-eabi/lib/armv7-m\libg_n.a(lib_a-makebuf.o)
                0x08005528                __swhatbuf_r
 *fill*         0x0800556e        0x2 
 .text.__smakebuf_r
                0x08005570       0x78 c:/program files (x86)/embitz/1.11/share/em_armgcc/bin/../lib/gcc/arm-none-eabi/5.4.1/../../../../arm-none-eabi/lib/armv7-m\libg_n.a(lib_a-makebuf.o)
                0x08005570                __smakebuf_r
 .text.__ssputs_r
                0x080055e8       0xb2 c:/program files (x86)/embitz/1.11/share/em_armgcc/bin/../lib/gcc/arm-none-eabi/5.4.1/../../../../arm-none-eabi/lib/armv7-m\libg_n.a(lib_a-nano-svfprintf.o)
                0x080055e8                __ssputs_r
 *fill*         0x0800569a        0x2 
 .text._svfprintf_r
                0x0800569c      0x1e8 c:/program files (x86)/embitz/1.11/share/em_armgcc/bin/../lib/gcc/arm-none-eabi/5.4.1/../../../../arm-none-eabi/lib/armv7-m\libg_n.a(lib_a-nano-svfprintf.o)
                0x0800569c                _svfiprintf_r
                0x0800569c                _svfprintf_r
 .text.__sfputc_r
                0x08005884       0x2c c:/program files (x86)/embitz/1.11/share/em_armgcc/bin/../lib/gcc/arm-none-eabi/5.4.1/../../../../arm-none-eabi/lib/armv7-m\libg_n.a(lib_a-nano-vfprintf.o)
 .text.__sfputs_r
                0x080058b0       0x24 c:/program files (x86)/embitz/1.11/share/em_armgcc/bin/../lib/gcc/arm-none-eabi/5.4.1/../../../../arm-none-eabi/lib/armv7-m\libg_n.a(lib_a-nano-vfprintf.o)
                0x080058b0                __sfputs_r
 .text._vfprintf_r
                0x080058d4      0x238 c:/program files (x86)/embitz/1.11/share/em_armgcc/bin/../lib/gcc/arm-none-eabi/5.4.1/../../../../arm-none-eabi/lib/armv7-m\libg_n.a(lib_a-nano-vfprintf.o)
                0x080058d4                _vfprintf_r
                0x080058d4                _vfiprintf_r
 .text._printf_common
                0x08005b0c       0xec c:/program files (x86)/embitz/1.11/share/em_armgcc/bin/../lib/gcc/arm-none-eabi/5.4.1/../../../../arm-none-eabi/lib/armv7-m\libg_n.a(lib_a-nano-vfprintf_i.o)
                0x08005b0c                _printf_common
 .text._printf_i
                0x08005bf8      0x24c c:/program files (x86)/embitz/1.11/share/em_armgcc/bin/../lib/gcc/arm-none-eabi/5.4.1/../../../../arm-none-eabi/lib/armv7-m\libg_n.a(lib_a-nano-vfprintf_i.o)
                0x08005bf8                _printf_i
 .text._putc_r  0x08005e44       0x6c c:/program files (x86)/embitz/1.11/share/em_armgcc/bin/../lib/gcc/arm-none-eabi/5.4.1/../../../../arm-none-eabi/lib/armv7-m\libg_n.a(lib_a-putc.o)
                0x08005e44                _putc_r
 .text._fstat_r
                0x08005eb0       0x24 c:/program files (x86)/embitz/1.11/share/em_armgcc/bin/../lib/gcc/arm-none-eabi/5.4.1/../../../../arm-none-eabi/lib/armv7-m\libg_n.a(lib_a-fstatr.o)
                0x08005eb0                _fstat_r
 .text._isatty_r
                0x08005ed4       0x20 c:/program files (x86)/embitz/1.11/share/em_armgcc/bin/../lib/gcc/arm-none-eabi/5.4.1/../../../../arm-none-eabi/lib/armv7-m\libg_n.a(lib_a-isattyr.o)
                0x08005ed4                _isatty_r
 .text.memchr   0x08005ef4       0x1c c:/program files (x86)/embitz/1.11/share/em_armgcc/bin/../lib/gcc/arm-none-eabi/5.4.1/../../../../arm-none-eabi/lib/armv7-m\libg_n.a(lib_a-memchr-stub.o)
                0x08005ef4                memchr
 .text.memmove  0x08005f10       0x36 c:/program files (x86)/embitz/1.11/share/em_armgcc/bin/../lib/gcc/arm-none-eabi/5.4.1/../../../../arm-none-eabi/lib/armv7-m\libg_n.a(lib_a-memmove.o)
                0x08005f10                memmove
 .text._realloc_r
                0x08005f46       0x4c c:/program files (x86)/embitz/1.11/share/em_armgcc/bin/../lib/gcc/arm-none-eabi/5.4.1/../../../../arm-none-eabi/lib/armv7-m\libg_n.a(lib_a-nano-reallocr.o)
                0x08005f46                _realloc_r
 .text._malloc_usable_size_r
                0x08005f92       0x14 c:/program files (x86)/embitz/1.11/share/em_armgcc/bin/../lib/gcc/arm-none-eabi/5.4.1/../../../../arm-none-eabi/lib/armv7-m\libg_n.a(lib_a-nano-msizer.o)
                0x08005f92                _malloc_usable_size_r
 *fill*         0x08005fa6        0x2 
 .text._fstat   0x08005fa8       0x10 c:/program files (x86)/embitz/1.11/share/em_armgcc/bin/../lib/gcc/arm-none-eabi/5.4.1/../../../../arm-none-eabi/lib/armv7-m\libnosys_s.a(fstat.o)
                0x08005fa8                _fstat
 .text._getpid  0x08005fb8       0x10 c:/program files (x86)/embitz/1.11/share/em_armgcc/bin/../lib/gcc/arm-none-eabi/5.4.1/../../../../arm-none-eabi/lib/armv7-m\libnosys_s.a(getpid.o)
                0x08005fb8                _getpid
 .text._isatty  0x08005fc8       0x10 c:/program files (x86)/embitz/1.11/share/em_armgcc/bin/../lib/gcc/arm-none-eabi/5.4.1/../../../../arm-none-eabi/lib/armv7-m\libnosys_s.a(isatty.o)
                0x08005fc8                _isatty
 .text._kill    0x08005fd8       0x10 c:/program files (x86)/embitz/1.11/share/em_armgcc/bin/../lib/gcc/arm-none-eabi/5.4.1/../../../../arm-none-eabi/lib/armv7-m\libnosys_s.a(kill.o)
                0x08005fd8                _kill
 *(.init)
 .init          0x08005fe8        0x4 c:/program files (x86)/embitz/1.11/share/em_armgcc/bin/../lib/gcc/arm-none-eabi/5.4.1/armv7-m/crti.o
                0x08005fe8                _init
 .init          0x08005fec        0x8 c:/program files (x86)/embitz/1.11/share/em_armgcc/bin/../lib/gcc/arm-none-eabi/5.4.1/armv7-m/crtn.o
 *(.fini)
 .fini          0x08005ff4        0x4 c:/program files (x86)/embitz/1.11/share/em_armgcc/bin/../lib/gcc/arm-none-eabi/5.4.1/armv7-m/crti.o
                0x08005ff4                _fini
 .fini          0x08005ff8        0x8 c:/program files (x86)/embitz/1.11/share/em_armgcc/bin/../lib/gcc/arm-none-eabi/5.4.1/armv7-m/crtn.o
 *crtbegin.o(.ctors)
 *crtbegin?.o(.ctors)
 *(EXCLUDE_FILE(*crtend.o *crtend?.o) .ctors)
 *(SORT(.ctors.*))
 *(.ctors)
 *crtbegin.o(.dtors)
 *crtbegin?.o(.dtors)
 *(EXCLUDE_FILE(*crtend.o *crtend?.o) .dtors)
 *(SORT(.dtors.*))
 *(.dtors)
 *(.rodata*)
 .rodata.str1.4
                0x08006000      0x284 C:\Users\Hoang\AppData\Local\Temp\ccp7A2l3.ltrans0.ltrans.o
 .rodata.str1.4
                0x08006284      0x1d8 C:\Users\Hoang\AppData\Local\Temp\ccp7A2l3.ltrans1.ltrans.o
                                0x1dc (size before relaxing)
 .rodata._ZL15ConfigRFDefault
                0x0800645c        0xa C:\Users\Hoang\AppData\Local\Temp\ccp7A2l3.ltrans2.ltrans.o
 *fill*         0x08006466        0x2 
 .rodata.str1.4
                0x08006468      0x1b0 C:\Users\Hoang\AppData\Local\Temp\ccp7A2l3.ltrans2.ltrans.o
 .rodata.crc_table
                0x08006618      0x100 C:\Users\Hoang\AppData\Local\Temp\ccp7A2l3.ltrans3.ltrans.o
                0x08006618                crc_table
 .rodata.str1.4
                0x08006718       0x44 C:\Users\Hoang\AppData\Local\Temp\ccp7A2l3.ltrans3.ltrans.o
 .rodata.str1.4
                0x0800675c       0x21 C:\Users\Hoang\AppData\Local\Temp\ccp7A2l3.ltrans4.ltrans.o
                                 0x25 (size before relaxing)
 *fill*         0x0800677d        0x3 
 .rodata.str1.4
                0x08006780       0x8c C:\Users\Hoang\AppData\Local\Temp\ccp7A2l3.ltrans5.ltrans.o
                                 0x8a (size before relaxing)
 .rodata.__sf_fake_stdin
                0x0800680c       0x20 c:/program files (x86)/embitz/1.11/share/em_armgcc/bin/../lib/gcc/arm-none-eabi/5.4.1/../../../../arm-none-eabi/lib/armv7-m\libg_n.a(lib_a-findfp.o)
                0x0800680c                __sf_fake_stdin
 .rodata.__sf_fake_stdout
                0x0800682c       0x20 c:/program files (x86)/embitz/1.11/share/em_armgcc/bin/../lib/gcc/arm-none-eabi/5.4.1/../../../../arm-none-eabi/lib/armv7-m\libg_n.a(lib_a-findfp.o)
                0x0800682c                __sf_fake_stdout
 .rodata.__sf_fake_stderr
                0x0800684c       0x20 c:/program files (x86)/embitz/1.11/share/em_armgcc/bin/../lib/gcc/arm-none-eabi/5.4.1/../../../../arm-none-eabi/lib/armv7-m\libg_n.a(lib_a-findfp.o)
                0x0800684c                __sf_fake_stderr
 .rodata.str1.1
                0x0800686c        0x2 c:/program files (x86)/embitz/1.11/share/em_armgcc/bin/../lib/gcc/arm-none-eabi/5.4.1/../../../../arm-none-eabi/lib/armv7-m\libg_n.a(lib_a-impure.o)
 *fill*         0x0800686e        0x2 
 .rodata._global_impure_ptr
                0x08006870        0x4 c:/program files (x86)/embitz/1.11/share/em_armgcc/bin/../lib/gcc/arm-none-eabi/5.4.1/../../../../arm-none-eabi/lib/armv7-m\libg_n.a(lib_a-impure.o)
                0x08006870                _global_impure_ptr
 .rodata._ctype_
                0x08006874      0x101 c:/program files (x86)/embitz/1.11/share/em_armgcc/bin/../lib/gcc/arm-none-eabi/5.4.1/../../../../arm-none-eabi/lib/armv7-m\libg_n.a(lib_a-ctype_.o)
                0x08006874                _ctype_
 .rodata.str1.1
                0x08006975       0x11 c:/program files (x86)/embitz/1.11/share/em_armgcc/bin/../lib/gcc/arm-none-eabi/5.4.1/../../../../arm-none-eabi/lib/armv7-m\libg_n.a(lib_a-nano-svfprintf.o)
 .rodata.str1.1
                0x08006986       0x11 c:/program files (x86)/embitz/1.11/share/em_armgcc/bin/../lib/gcc/arm-none-eabi/5.4.1/../../../../arm-none-eabi/lib/armv7-m\libg_n.a(lib_a-nano-vfprintf.o)
 .rodata.str1.1
                0x08006986       0x22 c:/program files (x86)/embitz/1.11/share/em_armgcc/bin/../lib/gcc/arm-none-eabi/5.4.1/../../../../arm-none-eabi/lib/armv7-m\libg_n.a(lib_a-nano-vfprintf_i.o)
 *(.eh_frame*)
 .eh_frame      0x080069a8        0x0 c:/program files (x86)/embitz/1.11/share/em_armgcc/bin/../lib/gcc/arm-none-eabi/5.4.1/armv7-m/crtbegin.o
 .eh_frame      0x080069a8        0x4 c:/program files (x86)/embitz/1.11/share/em_armgcc/bin/../lib/gcc/arm-none-eabi/5.4.1/armv7-m/crtend.o

.glue_7         0x080069ac        0x0
 .glue_7        0x080069ac        0x0 linker stubs

.glue_7t        0x080069ac        0x0
 .glue_7t       0x080069ac        0x0 linker stubs

.vfp11_veneer   0x080069ac        0x0
 .vfp11_veneer  0x080069ac        0x0 linker stubs

.v4_bx          0x080069ac        0x0
 .v4_bx         0x080069ac        0x0 linker stubs

.iplt           0x080069ac        0x0
 .iplt          0x080069ac        0x0 c:/program files (x86)/embitz/1.11/share/em_armgcc/bin/../lib/gcc/arm-none-eabi/5.4.1/armv7-m/crtbegin.o

.ARM.extab      0x080069ac       0x48
 *(.ARM.extab* .gnu.linkonce.armextab.*)
 .ARM.extab.text._Z13stReadyUpdatev
                0x080069ac        0xc C:\Users\Hoang\AppData\Local\Temp\ccp7A2l3.ltrans1.ltrans.o
 .ARM.extab.text._Z10stIDUpdatev
                0x080069b8        0xc C:\Users\Hoang\AppData\Local\Temp\ccp7A2l3.ltrans1.ltrans.o
 .ARM.extab.text._Z12hwDebugPrintPKcz
                0x080069c4        0xc C:\Users\Hoang\AppData\Local\Temp\ccp7A2l3.ltrans4.ltrans.o
 .ARM.extab.text._Z5setupv
                0x080069d0        0xc C:\Users\Hoang\AppData\Local\Temp\ccp7A2l3.ltrans5.ltrans.o
 .ARM.extab     0x080069dc       0x18 c:/program files (x86)/embitz/1.11/share/em_armgcc/bin/../lib/gcc/arm-none-eabi/5.4.1/armv7-m\libgcc.a(pr-support.o)
                0x080069f4                __exidx_start = .

.ARM.exidx      0x080069f4      0x1e8
 *(.ARM.exidx* .gnu.linkonce.armexidx.*)
 .ARM.exidx     0x080069f4        0x8 c:/program files (x86)/embitz/1.11/share/em_armgcc/bin/../lib/gcc/arm-none-eabi/5.4.1/../../../../arm-none-eabi/lib/armv7-m/crt0.o
 .ARM.exidx.text._Z18transportSendRouteR9MyMessage
                0x080069fc        0x8 C:\Users\Hoang\AppData\Local\Temp\ccp7A2l3.ltrans0.ltrans.o
 .ARM.exidx.text._Z20transportProcessFIFOv.part.9.lto_priv.68
                0x08006a04        0x8 C:\Users\Hoang\AppData\Local\Temp\ccp7A2l3.ltrans0.ltrans.o
 .ARM.exidx.text._Z17stReadyTransitionv
                0x08006a0c        0x8 C:\Users\Hoang\AppData\Local\Temp\ccp7A2l3.ltrans1.ltrans.o
 .ARM.exidx.text._Z19stFailureTransitionv
                0x08006a14        0x8 C:\Users\Hoang\AppData\Local\Temp\ccp7A2l3.ltrans1.ltrans.o
 .ARM.exidx.text._Z16stInitTransitionv
                0x08006a1c        0x8 C:\Users\Hoang\AppData\Local\Temp\ccp7A2l3.ltrans1.ltrans.o
 .ARM.exidx.text._Z21transportRouteMessageR9MyMessage
                0x08006a24        0x8 C:\Users\Hoang\AppData\Local\Temp\ccp7A2l3.ltrans1.ltrans.o
 .ARM.exidx.text._Z18stUplinkTransitionv
                0x08006a2c        0x8 C:\Users\Hoang\AppData\Local\Temp\ccp7A2l3.ltrans1.ltrans.o
 .ARM.exidx.text._Z14stIDTransitionv
                0x08006a34        0x0 C:\Users\Hoang\AppData\Local\Temp\ccp7A2l3.ltrans1.ltrans.o
                                  0x8 (size before relaxing)
 .ARM.exidx.text._Z18stParentTransitionv
                0x08006a34        0x0 C:\Users\Hoang\AppData\Local\Temp\ccp7A2l3.ltrans1.ltrans.o
                                  0x8 (size before relaxing)
 .ARM.exidx.text._Z21transportAssignNodeIDh
                0x08006a34        0x8 C:\Users\Hoang\AppData\Local\Temp\ccp7A2l3.ltrans1.ltrans.o
 .ARM.exidx.text._Z16transportProcessv
                0x08006a3c        0x8 C:\Users\Hoang\AppData\Local\Temp\ccp7A2l3.ltrans1.ltrans.o
 .ARM.exidx.text._Z17transportSwitchSMR16transportState_t
                0x08006a44        0x0 C:\Users\Hoang\AppData\Local\Temp\ccp7A2l3.ltrans1.ltrans.o
                                  0x8 (size before relaxing)
 .ARM.exidx.text._Z19transportInitializev
                0x08006a44        0x8 C:\Users\Hoang\AppData\Local\Temp\ccp7A2l3.ltrans1.ltrans.o
 .ARM.exidx.text._Z15stFailureUpdatev
                0x08006a4c        0x8 C:\Users\Hoang\AppData\Local\Temp\ccp7A2l3.ltrans1.ltrans.o
 .ARM.exidx.text._Z13stReadyUpdatev
                0x08006a54        0x8 C:\Users\Hoang\AppData\Local\Temp\ccp7A2l3.ltrans1.ltrans.o
 .ARM.exidx.text._Z14stUplinkUpdatev
                0x08006a5c        0x8 C:\Users\Hoang\AppData\Local\Temp\ccp7A2l3.ltrans1.ltrans.o
 .ARM.exidx.text._Z10stIDUpdatev
                0x08006a64        0x8 C:\Users\Hoang\AppData\Local\Temp\ccp7A2l3.ltrans1.ltrans.o
 .ARM.exidx.text._Z14stParentUpdatev
                0x08006a6c        0x8 C:\Users\Hoang\AppData\Local\Temp\ccp7A2l3.ltrans1.ltrans.o
 .ARM.exidx.text._Z12stInitUpdatev
                0x08006a74        0x8 C:\Users\Hoang\AppData\Local\Temp\ccp7A2l3.ltrans1.ltrans.o
 .ARM.exidx.text._ZL19transportRxCallbackv.lto_priv.66
                0x08006a7c        0x8 C:\Users\Hoang\AppData\Local\Temp\ccp7A2l3.ltrans2.ltrans.o
 .ARM.exidx.text.startup.main
                0x08006a84       0x10 C:\Users\Hoang\AppData\Local\Temp\ccp7A2l3.ltrans2.ltrans.o
                                  0x8 (size before relaxing)
 .ARM.exidx.text.itoa.part.0.constprop.30
                0x08006a94        0x0 C:\Users\Hoang\AppData\Local\Temp\ccp7A2l3.ltrans3.ltrans.o
                                  0x8 (size before relaxing)
 .ARM.exidx.text.startup._GLOBAL__I_65535_0_misc.o.7692
                0x08006a94        0x0 C:\Users\Hoang\AppData\Local\Temp\ccp7A2l3.ltrans3.ltrans.o
                                  0x8 (size before relaxing)
 .ARM.exidx.text._ZNK9MyMessage9getStringEPc.constprop.29
                0x08006a94        0x0 C:\Users\Hoang\AppData\Local\Temp\ccp7A2l3.ltrans3.ltrans.o
                                  0x8 (size before relaxing)
 .ARM.exidx.text._ZNK9MyMessage7getByteEv.constprop.27
                0x08006a94        0x0 C:\Users\Hoang\AppData\Local\Temp\ccp7A2l3.ltrans3.ltrans.o
                                  0x8 (size before relaxing)
 .ARM.exidx.text._Z4sendR9MyMessageb.constprop.26
                0x08006a94        0x8 C:\Users\Hoang\AppData\Local\Temp\ccp7A2l3.ltrans3.ltrans.o
 .ARM.exidx.text._Z12wait_processmhh.constprop.11
                0x08006a9c        0x8 C:\Users\Hoang\AppData\Local\Temp\ccp7A2l3.ltrans3.ltrans.o
 .ARM.exidx.text._Z23transportWaitUntilReadym.constprop.6
                0x08006aa4       0x10 C:\Users\Hoang\AppData\Local\Temp\ccp7A2l3.ltrans3.ltrans.o
                                  0x8 (size before relaxing)
 .ARM.exidx.text._Z12wait_processm
                0x08006ab4        0x8 C:\Users\Hoang\AppData\Local\Temp\ccp7A2l3.ltrans4.ltrans.o
 .ARM.exidx.text._ZN9MyMessage3setEh
                0x08006abc        0x8 C:\Users\Hoang\AppData\Local\Temp\ccp7A2l3.ltrans4.ltrans.o
 .ARM.exidx.text._ZN9MyMessage3setEPKc
                0x08006ac4        0x0 C:\Users\Hoang\AppData\Local\Temp\ccp7A2l3.ltrans4.ltrans.o
                                  0x8 (size before relaxing)
 .ARM.exidx.text._Z11presentNodev
                0x08006ac4        0x8 C:\Users\Hoang\AppData\Local\Temp\ccp7A2l3.ltrans4.ltrans.o
 .ARM.exidx.text._ZN9MyMessage3setEPvh
                0x08006acc        0x8 C:\Users\Hoang\AppData\Local\Temp\ccp7A2l3.ltrans4.ltrans.o
 .ARM.exidx.text.startup._ZN9MyMessageC2Ev
                0x08006ad4        0x0 C:\Users\Hoang\AppData\Local\Temp\ccp7A2l3.ltrans4.ltrans.o
                                  0x8 (size before relaxing)
 .ARM.exidx.text._Z12hwDebugPrintPKcz
                0x08006ad4        0x8 C:\Users\Hoang\AppData\Local\Temp\ccp7A2l3.ltrans4.ltrans.o
 .ARM.exidx.text._Z23_callbackTransportReadyv
                0x08006adc        0x8 C:\Users\Hoang\AppData\Local\Temp\ccp7A2l3.ltrans4.ltrans.o
 .ARM.exidx.text._Z13hwWriteConfigih
                0x08006ae4        0x8 C:\Users\Hoang\AppData\Local\Temp\ccp7A2l3.ltrans4.ltrans.o
 .ARM.exidx.text._Z12hwReadConfigi
                0x08006aec        0x0 C:\Users\Hoang\AppData\Local\Temp\ccp7A2l3.ltrans4.ltrans.o
                                  0x8 (size before relaxing)
 .ARM.exidx.text._Z17hwReadConfigBlockPvS_j
                0x08006aec        0x0 C:\Users\Hoang\AppData\Local\Temp\ccp7A2l3.ltrans4.ltrans.o
                                  0x8 (size before relaxing)
 .ARM.exidx.text.NVIC_SystemReset.lto_priv.60
                0x08006aec        0x0 C:\Users\Hoang\AppData\Local\Temp\ccp7A2l3.ltrans4.ltrans.o
                                  0x8 (size before relaxing)
 .ARM.exidx.text.RF24_spiWriteMultiByte
                0x08006aec        0x0 C:\Users\Hoang\AppData\Local\Temp\ccp7A2l3.ltrans4.ltrans.o
                                  0x8 (size before relaxing)
 .ARM.exidx.text.RF24_startListening
                0x08006aec        0x0 C:\Users\Hoang\AppData\Local\Temp\ccp7A2l3.ltrans4.ltrans.o
                                  0x8 (size before relaxing)
 .ARM.exidx.text.RF24_spiReadMultiByte
                0x08006aec        0x0 C:\Users\Hoang\AppData\Local\Temp\ccp7A2l3.ltrans4.ltrans.o
                                  0x8 (size before relaxing)
 .ARM.exidx.text.RF24_sanityCheck
                0x08006aec        0x0 C:\Users\Hoang\AppData\Local\Temp\ccp7A2l3.ltrans4.ltrans.o
                                  0x8 (size before relaxing)
 .ARM.exidx.text.RF24_readMessage
                0x08006aec        0x0 C:\Users\Hoang\AppData\Local\Temp\ccp7A2l3.ltrans4.ltrans.o
                                  0x8 (size before relaxing)
 .ARM.exidx.text._Z12customReportv
                0x08006aec        0x8 C:\Users\Hoang\AppData\Local\Temp\ccp7A2l3.ltrans5.ltrans.o
 .ARM.exidx.text._Z16customReportFullv
                0x08006af4        0x8 C:\Users\Hoang\AppData\Local\Temp\ccp7A2l3.ltrans5.ltrans.o
 .ARM.exidx.text._Z16customSaveConfigv
                0x08006afc        0x8 C:\Users\Hoang\AppData\Local\Temp\ccp7A2l3.ltrans5.ltrans.o
 .ARM.exidx.text._Z7receiveRK9MyMessage
                0x08006b04        0x8 C:\Users\Hoang\AppData\Local\Temp\ccp7A2l3.ltrans5.ltrans.o
 .ARM.exidx.text._Z5setupv
                0x08006b0c        0x8 C:\Users\Hoang\AppData\Local\Temp\ccp7A2l3.ltrans5.ltrans.o
 .ARM.exidx.text._ZN9MyMessageC2Ehh.constprop.4
                0x08006b14        0x8 C:\Users\Hoang\AppData\Local\Temp\ccp7A2l3.ltrans5.ltrans.o
 .ARM.exidx.text._Z12read_sensorsv
                0x08006b1c       0x10 C:\Users\Hoang\AppData\Local\Temp\ccp7A2l3.ltrans5.ltrans.o
                                  0x8 (size before relaxing)
 .ARM.exidx     0x08006b2c       0x78 c:/program files (x86)/embitz/1.11/share/em_armgcc/bin/../lib/gcc/arm-none-eabi/5.4.1/armv7-m\libgcc.a(unwind-arm.o)
                                 0xd8 (size before relaxing)
 .ARM.exidx     0x08006ba4       0x38 c:/program files (x86)/embitz/1.11/share/em_armgcc/bin/../lib/gcc/arm-none-eabi/5.4.1/armv7-m\libgcc.a(pr-support.o)
                                 0x48 (size before relaxing)
                0x08006bdc                __exidx_end = .
                0x08006bdc                __etext = .

.rel.dyn        0x08006bdc        0x0
 .rel.iplt      0x08006bdc        0x0 c:/program files (x86)/embitz/1.11/share/em_armgcc/bin/../lib/gcc/arm-none-eabi/5.4.1/armv7-m/crtbegin.o

.data           0x20000000       0xc4 load address 0x08006bdc
                0x20000000                __data_start__ = .
 *(vtable)
 *(.data*)
 .data._ZL9stFailure.lto_priv.65
                0x20000000        0x8 C:\Users\Hoang\AppData\Local\Temp\ccp7A2l3.ltrans0.ltrans.o
                0x20000000                _ZL9stFailure.lto_priv.65
 .data._ZL4stID
                0x20000008        0x8 C:\Users\Hoang\AppData\Local\Temp\ccp7A2l3.ltrans1.ltrans.o
 .data._ZL7stReady
                0x20000010        0x8 C:\Users\Hoang\AppData\Local\Temp\ccp7A2l3.ltrans1.ltrans.o
 .data.MY_RF24_NODE_ADDRESS
                0x20000018        0x1 C:\Users\Hoang\AppData\Local\Temp\ccp7A2l3.ltrans1.ltrans.o
                0x20000018                MY_RF24_NODE_ADDRESS
 *fill*         0x20000019        0x3 
 .data._ZL8stUplink
                0x2000001c        0x8 C:\Users\Hoang\AppData\Local\Temp\ccp7A2l3.ltrans1.ltrans.o
 .data._ZL8stParent
                0x20000024        0x8 C:\Users\Hoang\AppData\Local\Temp\ccp7A2l3.ltrans1.ltrans.o
 .data._ZL6stInit
                0x2000002c        0x8 C:\Users\Hoang\AppData\Local\Temp\ccp7A2l3.ltrans1.ltrans.o
 .data.APBAHBPrescTable
                0x20000034       0x10 C:\Users\Hoang\AppData\Local\Temp\ccp7A2l3.ltrans2.ltrans.o
 .data.ADCPrescTable
                0x20000044        0x4 C:\Users\Hoang\AppData\Local\Temp\ccp7A2l3.ltrans2.ltrans.o
 .data.reset_type
                0x20000048        0x1 C:\Users\Hoang\AppData\Local\Temp\ccp7A2l3.ltrans5.ltrans.o
                0x20000048                reset_type
 *fill*         0x20000049        0x3 
 .data.seq      0x2000004c        0x4 C:\Users\Hoang\AppData\Local\Temp\ccp7A2l3.ltrans5.ltrans.o
 .data.impure_data
                0x20000050       0x60 c:/program files (x86)/embitz/1.11/share/em_armgcc/bin/../lib/gcc/arm-none-eabi/5.4.1/../../../../arm-none-eabi/lib/armv7-m\libg_n.a(lib_a-impure.o)
 .data._impure_ptr
                0x200000b0        0x4 c:/program files (x86)/embitz/1.11/share/em_armgcc/bin/../lib/gcc/arm-none-eabi/5.4.1/../../../../arm-none-eabi/lib/armv7-m\libg_n.a(lib_a-impure.o)
                0x200000b0                _impure_ptr
 .data.__ctype_ptr__
                0x200000b4        0x4 c:/program files (x86)/embitz/1.11/share/em_armgcc/bin/../lib/gcc/arm-none-eabi/5.4.1/../../../../arm-none-eabi/lib/armv7-m\libg_n.a(lib_a-ctype_.o)
                0x200000b4                __ctype_ptr__
                0x200000b8                . = ALIGN (0x4)
                0x200000b8                PROVIDE (__preinit_array_start, .)
 *(.preinit_array)
                0x200000b8                PROVIDE (__preinit_array_end, .)
                0x200000b8                . = ALIGN (0x4)
                0x200000b8                PROVIDE (__init_array_start, .)
 *(SORT(.init_array.*))
 *(.init_array)
 .init_array    0x200000b8        0x4 c:/program files (x86)/embitz/1.11/share/em_armgcc/bin/../lib/gcc/arm-none-eabi/5.4.1/armv7-m/crtbegin.o
 .init_array    0x200000bc        0x4 C:\Users\Hoang\AppData\Local\Temp\ccp7A2l3.ltrans3.ltrans.o
                0x200000c0                PROVIDE (__init_array_end, .)
                0x200000c0                . = ALIGN (0x4)
                [!provide]                PROVIDE (__fini_array_start, .)
 *(SORT(.fini_array.*))
 *(.fini_array)
 .fini_array    0x200000c0        0x4 c:/program files (x86)/embitz/1.11/share/em_armgcc/bin/../lib/gcc/arm-none-eabi/5.4.1/armv7-m/crtbegin.o
                [!provide]                PROVIDE (__fini_array_end, .)
                0x200000c4                . = ALIGN (0x4)
                0x200000c4                __data_end__ = .

.jcr            0x200000c4        0x0 load address 0x08006ca0
 .jcr           0x200000c4        0x0 c:/program files (x86)/embitz/1.11/share/em_armgcc/bin/../lib/gcc/arm-none-eabi/5.4.1/armv7-m/crtbegin.o

.igot.plt       0x200000c4        0x0 load address 0x08006ca0
 .igot.plt      0x200000c4        0x0 c:/program files (x86)/embitz/1.11/share/em_armgcc/bin/../lib/gcc/arm-none-eabi/5.4.1/armv7-m/crtbegin.o

.bss            0x200000d0      0x42c load address 0x08006cb0
                0x200000d0                __bss_start__ = .
 *(.bss*)
 .bss           0x200000d0       0x1c c:/program files (x86)/embitz/1.11/share/em_armgcc/bin/../lib/gcc/arm-none-eabi/5.4.1/armv7-m/crtbegin.o
 .bss._ZL16_lastSanityCheck.lto_priv.67
                0x200000ec        0x4 C:\Users\Hoang\AppData\Local\Temp\ccp7A2l3.ltrans0.ltrans.o
                0x200000ec                _ZL16_lastSanityCheck.lto_priv.67
 .bss.my_rf24_config
                0x200000f0        0x1 C:\Users\Hoang\AppData\Local\Temp\ccp7A2l3.ltrans1.ltrans.o
                0x200000f0                my_rf24_config
 .bss.my_rf24_rf_setup
                0x200000f1        0x1 C:\Users\Hoang\AppData\Local\Temp\ccp7A2l3.ltrans1.ltrans.o
                0x200000f1                my_rf24_rf_setup
 .bss.my_rf24_retries
                0x200000f2        0x1 C:\Users\Hoang\AppData\Local\Temp\ccp7A2l3.ltrans1.ltrans.o
 .bss.my_rf24_channel
                0x200000f3        0x1 C:\Users\Hoang\AppData\Local\Temp\ccp7A2l3.ltrans1.ltrans.o
                0x200000f3                my_rf24_channel
 .bss.timeout_loop
                0x200000f4        0x4 C:\Users\Hoang\AppData\Local\Temp\ccp7A2l3.ltrans1.ltrans.o
 .bss.my_rf24_base_addr
                0x200000f8        0x5 C:\Users\Hoang\AppData\Local\Temp\ccp7A2l3.ltrans1.ltrans.o
 .bss.my_rf24_addrWidth
                0x200000fd        0x1 C:\Users\Hoang\AppData\Local\Temp\ccp7A2l3.ltrans1.ltrans.o
 *fill*         0x200000fe        0x2 
 .bss.reset_flag_status
                0x20000100        0x4 C:\Users\Hoang\AppData\Local\Temp\ccp7A2l3.ltrans2.ltrans.o
 .bss.usart1_rx_buff
                0x20000104       0x20 C:\Users\Hoang\AppData\Local\Temp\ccp7A2l3.ltrans2.ltrans.o
 .bss._ZL25transportLostMessageCount
                0x20000124        0x1 C:\Users\Hoang\AppData\Local\Temp\ccp7A2l3.ltrans2.ltrans.o
 *fill*         0x20000125        0x3 
 .bss.last_cycle_count_64
                0x20000128        0x8 C:\Users\Hoang\AppData\Local\Temp\ccp7A2l3.ltrans2.ltrans.o
                0x20000128                last_cycle_count_64
 .bss.transportReady_cb
                0x20000130        0x4 C:\Users\Hoang\AppData\Local\Temp\ccp7A2l3.ltrans2.ltrans.o
                0x20000130                transportReady_cb
 .bss.RF24_receiveCallback
                0x20000134        0x4 C:\Users\Hoang\AppData\Local\Temp\ccp7A2l3.ltrans2.ltrans.o
                0x20000134                RF24_receiveCallback
 .bss.FStoreMysensor
                0x20000138       0x14 C:\Users\Hoang\AppData\Local\Temp\ccp7A2l3.ltrans3.ltrans.o
                0x20000138                FStoreMysensor
 .bss.msg_COMBINE_2
                0x2000014c       0x21 C:\Users\Hoang\AppData\Local\Temp\ccp7A2l3.ltrans3.ltrans.o
                0x2000014c                msg_COMBINE_2
 *fill*         0x2000016d        0x3 
 .bss._msgTmp   0x20000170       0x21 C:\Users\Hoang\AppData\Local\Temp\ccp7A2l3.ltrans3.ltrans.o
                0x20000170                _msgTmp
 *fill*         0x20000191        0x3 
 .bss._convBuf  0x20000194       0x33 C:\Users\Hoang\AppData\Local\Temp\ccp7A2l3.ltrans3.ltrans.o
                0x20000194                _convBuf
 *fill*         0x200001c7        0x1 
 .bss._msg      0x200001c8       0x21 C:\Users\Hoang\AppData\Local\Temp\ccp7A2l3.ltrans3.ltrans.o
                0x200001c8                _msg
 *fill*         0x200001e9        0x3 
 .bss._ZL16_transportConfig.lto_priv.59
                0x200001ec        0x3 C:\Users\Hoang\AppData\Local\Temp\ccp7A2l3.ltrans3.ltrans.o
                0x200001ec                _ZL16_transportConfig.lto_priv.59
 *fill*         0x200001ef        0x1 
 .bss._ZL12_transportSM.lto_priv.62
                0x200001f0       0x10 C:\Users\Hoang\AppData\Local\Temp\ccp7A2l3.ltrans3.ltrans.o
                0x200001f0                _ZL12_transportSM.lto_priv.62
 .bss._ZL16transportRxQueue.lto_priv.63
                0x20000200        0xc C:\Users\Hoang\AppData\Local\Temp\ccp7A2l3.ltrans3.ltrans.o
                0x20000200                _ZL16transportRxQueue.lto_priv.63
 .bss._serialMsg
                0x2000020c       0x21 C:\Users\Hoang\AppData\Local\Temp\ccp7A2l3.ltrans3.ltrans.o
 *fill*         0x2000022d        0x3 
 .bss._ZL11_coreConfig.lto_priv.61
                0x20000230        0x2 C:\Users\Hoang\AppData\Local\Temp\ccp7A2l3.ltrans3.ltrans.o
                0x20000230                _ZL11_coreConfig.lto_priv.61
 *fill*         0x20000232        0x2 
 .bss.msg_COMBINE_0
                0x20000234       0x21 C:\Users\Hoang\AppData\Local\Temp\ccp7A2l3.ltrans3.ltrans.o
                0x20000234                msg_COMBINE_0
 *fill*         0x20000255        0x3 
 .bss._ZL23transportRxQueueStorage
                0x20000258      0x210 C:\Users\Hoang\AppData\Local\Temp\ccp7A2l3.ltrans3.ltrans.o
 .bss.msg_COMBINE_1
                0x20000468       0x21 C:\Users\Hoang\AppData\Local\Temp\ccp7A2l3.ltrans3.ltrans.o
                0x20000468                msg_COMBINE_1
 *fill*         0x20000489        0x3 
 .bss.msg_Custom
                0x2000048c       0x21 C:\Users\Hoang\AppData\Local\Temp\ccp7A2l3.ltrans3.ltrans.o
                0x2000048c                msg_Custom
 *fill*         0x200004ad        0x1 
 .bss.UID       0x200004ae        0x2 C:\Users\Hoang\AppData\Local\Temp\ccp7A2l3.ltrans5.ltrans.o
                0x200004ae                UID
 .bss.combine_data
                0x200004b0        0x6 C:\Users\Hoang\AppData\Local\Temp\ccp7A2l3.ltrans5.ltrans.o
 *fill*         0x200004b6        0x2 
 .bss.RF        0x200004b8        0x4 C:\Users\Hoang\AppData\Local\Temp\ccp7A2l3.ltrans5.ltrans.o
                0x200004b8                RF
 *fill*         0x200004bc        0x4 
 .bss.ConfigRFA
                0x200004c0        0xa C:\Users\Hoang\AppData\Local\Temp\ccp7A2l3.ltrans5.ltrans.o
                0x200004c0                ConfigRFA
 *fill*         0x200004ca        0x2 
 .bss._ZZ14customCommandsPKcE11last_cmd_ms
                0x200004cc        0x4 C:\Users\Hoang\AppData\Local\Temp\ccp7A2l3.ltrans5.ltrans.o
 .bss.RF2       0x200004d0        0x4 C:\Users\Hoang\AppData\Local\Temp\ccp7A2l3.ltrans5.ltrans.o
                0x200004d0                RF2
 *fill*         0x200004d4        0xc 
 .bss.ConfigRFB
                0x200004e0        0xa C:\Users\Hoang\AppData\Local\Temp\ccp7A2l3.ltrans5.ltrans.o
                0x200004e0                ConfigRFB
 *fill*         0x200004ea        0x2 
 .bss.__malloc_sbrk_start
                0x200004ec        0x4 c:/program files (x86)/embitz/1.11/share/em_armgcc/bin/../lib/gcc/arm-none-eabi/5.4.1/../../../../arm-none-eabi/lib/armv7-m\libg_n.a(lib_a-nano-mallocr.o)
                0x200004ec                __malloc_sbrk_start
 .bss.__malloc_free_list
                0x200004f0        0x4 c:/program files (x86)/embitz/1.11/share/em_armgcc/bin/../lib/gcc/arm-none-eabi/5.4.1/../../../../arm-none-eabi/lib/armv7-m\libg_n.a(lib_a-nano-mallocr.o)
                0x200004f0                __malloc_free_list
 .bss.heap_end.4167
                0x200004f4        0x4 c:/program files (x86)/embitz/1.11/share/em_armgcc/bin/../lib/gcc/arm-none-eabi/5.4.1/../../../../arm-none-eabi/lib/armv7-m\libnosys_s.a(sbrk.o)
 *(COMMON)
 COMMON         0x200004f8        0x4 c:/program files (x86)/embitz/1.11/share/em_armgcc/bin/../lib/gcc/arm-none-eabi/5.4.1/../../../../arm-none-eabi/lib/armv7-m\libg_n.a(lib_a-reent.o)
                0x200004f8                errno
                0x200004fc                __bss_end__ = .

.heap           0x20000500        0x0
                0x20000500                __end__ = .
                0x20000500                end = __end__
 *(.heap*)
 .heap          0x20000500        0x0 obj\release\~#\~#\common\spl_f103\src\startup_stm32f10x_md.o
                0x20000500                __HeapLimit = .

.stack_dummy    0x20000500      0x100
 *(.stack)
 .stack         0x20000500      0x100 obj\release\~#\~#\common\spl_f103\src\startup_stm32f10x_md.o
                0x20005000                __StackTop = (ORIGIN (RAM) + LENGTH (RAM))
                0x20004f00                __StackLimit = (__StackTop - SIZEOF (.stack_dummy))
                0x20005000                PROVIDE (__stack, __StackTop)
                0x00000001                ASSERT ((__StackLimit >= __HeapLimit), region RAM overflowed with stack)
LOAD obj\release\~#\~#\common\spl_f103\spl\src\misc.o
LOAD C:\Users\Hoang\AppData\Local\Temp\ccp7A2l3.ltrans0.ltrans.o
LOAD C:\Users\Hoang\AppData\Local\Temp\ccp7A2l3.ltrans1.ltrans.o
LOAD C:\Users\Hoang\AppData\Local\Temp\ccp7A2l3.ltrans2.ltrans.o
LOAD C:\Users\Hoang\AppData\Local\Temp\ccp7A2l3.ltrans3.ltrans.o
LOAD C:\Users\Hoang\AppData\Local\Temp\ccp7A2l3.ltrans4.ltrans.o
LOAD C:\Users\Hoang\AppData\Local\Temp\ccp7A2l3.ltrans5.ltrans.o
LOAD obj\release\~#\~#\common\spl_f103\spl\src\stm32f10x_adc.o
LOAD obj\release\~#\~#\common\spl_f103\spl\src\stm32f10x_bkp.o
LOAD obj\release\~#\~#\common\spl_f103\spl\src\stm32f10x_can.o
LOAD obj\release\~#\~#\common\spl_f103\spl\src\stm32f10x_cec.o
LOAD obj\release\~#\~#\common\spl_f103\spl\src\stm32f10x_crc.o
LOAD obj\release\~#\~#\common\spl_f103\spl\src\stm32f10x_dac.o
LOAD obj\release\~#\~#\common\spl_f103\spl\src\stm32f10x_dbgmcu.o
LOAD obj\release\~#\~#\common\spl_f103\spl\src\stm32f10x_dma.o
LOAD obj\release\~#\~#\common\spl_f103\spl\src\stm32f10x_exti.o
LOAD obj\release\~#\~#\common\spl_f103\spl\src\stm32f10x_flash.o
LOAD obj\release\~#\~#\common\spl_f103\spl\src\stm32f10x_fsmc.o
LOAD obj\release\~#\~#\common\spl_f103\spl\src\stm32f10x_gpio.o
LOAD obj\release\~#\~#\common\spl_f103\spl\src\stm32f10x_i2c.o
LOAD obj\release\~#\~#\common\spl_f103\spl\src\stm32f10x_iwdg.o
LOAD obj\release\~#\~#\common\spl_f103\spl\src\stm32f10x_pwr.o
LOAD obj\release\~#\~#\common\spl_f103\spl\src\stm32f10x_rcc.o
LOAD obj\release\~#\~#\common\spl_f103\spl\src\stm32f10x_rtc.o
LOAD obj\release\~#\~#\common\spl_f103\spl\src\stm32f10x_sdio.o
LOAD obj\release\~#\~#\common\spl_f103\spl\src\stm32f10x_spi.o
LOAD obj\release\~#\~#\common\spl_f103\spl\src\stm32f10x_tim.o
LOAD obj\release\~#\~#\common\spl_f103\spl\src\stm32f10x_usart.o
LOAD obj\release\~#\~#\common\spl_f103\spl\src\stm32f10x_wwdg.o
LOAD obj\release\~#\~#\common\spl_f103\src\startup_stm32f10x_md.o
LOAD obj\release\~#\~#\common\spl_f103\src\system_stm32f10x.o
LOAD obj\release\~#\~#\library\fstore\flash_stm32.o
LOAD obj\release\~#\~#\library\fstore\fstore.o
LOAD obj\release\~#\~#\library\rf24\rf24.o
LOAD obj\release\~#\~#\library\watchdog\watchdog.o
LOAD obj\release\mysensors\core\mygatewaytransport.o
LOAD obj\release\mysensors\core\mygatewaytransportserial.o
LOAD obj\release\mysensors\core\myhwstm32.o
LOAD obj\release\mysensors\core\myindication.o
LOAD obj\release\mysensors\core\mymaindefault.o
LOAD obj\release\mysensors\core\mymessage.o
LOAD obj\release\mysensors\core\myprotocolmysensors.o
LOAD obj\release\mysensors\core\mysensorscore.o
LOAD obj\release\mysensors\core\mysigning.o
LOAD obj\release\mysensors\core\mytransport.o
LOAD obj\release\mysensors\core\mytransportnrf24.o
LOAD obj\release\src\librarycfg.o
LOAD obj\release\src\main.o
LOAD obj\release\src\mycustoms.o
START GROUP
LOAD c:/program files (x86)/embitz/1.11/share/em_armgcc/bin/../lib/gcc/arm-none-eabi/5.4.1/armv7-m\libgcc.a
LOAD c:/program files (x86)/embitz/1.11/share/em_armgcc/bin/../lib/gcc/arm-none-eabi/5.4.1/../../../../arm-none-eabi/lib/armv7-m\libg_n.a
LOAD c:/program files (x86)/embitz/1.11/share/em_armgcc/bin/../lib/gcc/arm-none-eabi/5.4.1/../../../../arm-none-eabi/lib/armv7-m\libc_n.a
END GROUP
START GROUP
LOAD c:/program files (x86)/embitz/1.11/share/em_armgcc/bin/../lib/gcc/arm-none-eabi/5.4.1/armv7-m\libgcc.a
LOAD c:/program files (x86)/embitz/1.11/share/em_armgcc/bin/../lib/gcc/arm-none-eabi/5.4.1/../../../../arm-none-eabi/lib/armv7-m\libc_n.a
LOAD c:/program files (x86)/embitz/1.11/share/em_armgcc/bin/../lib/gcc/arm-none-eabi/5.4.1/../../../../arm-none-eabi/lib/armv7-m\libnosys_s.a
END GROUP
LOAD c:/program files (x86)/embitz/1.11/share/em_armgcc/bin/../lib/gcc/arm-none-eabi/5.4.1/armv7-m/crtend.o
LOAD c:/program files (x86)/embitz/1.11/share/em_armgcc/bin/../lib/gcc/arm-none-eabi/5.4.1/armv7-m/crtn.o
OUTPUT(bin\Release\MySensors_Node_F103.elf elf32-littlearm)

.ARM.attributes
                0x00000000       0x29
 .ARM.attributes
                0x00000000       0x1d c:/program files (x86)/embitz/1.11/share/em_armgcc/bin/../lib/gcc/arm-none-eabi/5.4.1/armv7-m/crti.o
 .ARM.attributes
                0x0000001d       0x2d c:/program files (x86)/embitz/1.11/share/em_armgcc/bin/../lib/gcc/arm-none-eabi/5.4.1/armv7-m/crtbegin.o
 .ARM.attributes
                0x0000004a       0x1b c:/program files (x86)/embitz/1.11/share/em_armgcc/bin/../lib/gcc/arm-none-eabi/5.4.1/../../../../arm-none-eabi/lib/armv7-m/crt0.o
 .ARM.attributes
                0x00000065       0x31 C:\Users\Hoang\AppData\Local\Temp\ccp7A2l3.ltrans0.ltrans.o
 .ARM.attributes
                0x00000096       0x31 C:\Users\Hoang\AppData\Local\Temp\ccp7A2l3.ltrans1.ltrans.o
 .ARM.attributes
                0x000000c7       0x31 C:\Users\Hoang\AppData\Local\Temp\ccp7A2l3.ltrans2.ltrans.o
 .ARM.attributes
                0x000000f8       0x31 C:\Users\Hoang\AppData\Local\Temp\ccp7A2l3.ltrans3.ltrans.o
 .ARM.attributes
                0x00000129       0x31 C:\Users\Hoang\AppData\Local\Temp\ccp7A2l3.ltrans4.ltrans.o
 .ARM.attributes
                0x0000015a       0x31 C:\Users\Hoang\AppData\Local\Temp\ccp7A2l3.ltrans5.ltrans.o
 .ARM.attributes
                0x0000018b       0x1b obj\release\~#\~#\common\spl_f103\src\startup_stm32f10x_md.o
 .ARM.attributes
                0x000001a6       0x2d c:/program files (x86)/embitz/1.11/share/em_armgcc/bin/../lib/gcc/arm-none-eabi/5.4.1/../../../../arm-none-eabi/lib/armv7-m\libg_n.a(lib_a-exit.o)
 .ARM.attributes
                0x000001d3       0x2d c:/program files (x86)/embitz/1.11/share/em_armgcc/bin/../lib/gcc/arm-none-eabi/5.4.1/../../../../arm-none-eabi/lib/armv7-m\libg_n.a(lib_a-fflush.o)
 .ARM.attributes
                0x00000200       0x2d c:/program files (x86)/embitz/1.11/share/em_armgcc/bin/../lib/gcc/arm-none-eabi/5.4.1/../../../../arm-none-eabi/lib/armv7-m\libg_n.a(lib_a-findfp.o)
 .ARM.attributes
                0x0000022d       0x2d c:/program files (x86)/embitz/1.11/share/em_armgcc/bin/../lib/gcc/arm-none-eabi/5.4.1/../../../../arm-none-eabi/lib/armv7-m\libg_n.a(lib_a-fwalk.o)
 .ARM.attributes
                0x0000025a       0x2d c:/program files (x86)/embitz/1.11/share/em_armgcc/bin/../lib/gcc/arm-none-eabi/5.4.1/../../../../arm-none-eabi/lib/armv7-m\libg_n.a(lib_a-impure.o)
 .ARM.attributes
                0x00000287       0x2d c:/program files (x86)/embitz/1.11/share/em_armgcc/bin/../lib/gcc/arm-none-eabi/5.4.1/../../../../arm-none-eabi/lib/armv7-m\libg_n.a(lib_a-init.o)
 .ARM.attributes
                0x000002b4       0x2d c:/program files (x86)/embitz/1.11/share/em_armgcc/bin/../lib/gcc/arm-none-eabi/5.4.1/../../../../arm-none-eabi/lib/armv7-m\libg_n.a(lib_a-memset.o)
 .ARM.attributes
                0x000002e1       0x2d c:/program files (x86)/embitz/1.11/share/em_armgcc/bin/../lib/gcc/arm-none-eabi/5.4.1/../../../../arm-none-eabi/lib/armv7-m\libg_n.a(lib_a-nano-freer.o)
 .ARM.attributes
                0x0000030e       0x2d c:/program files (x86)/embitz/1.11/share/em_armgcc/bin/../lib/gcc/arm-none-eabi/5.4.1/../../../../arm-none-eabi/lib/armv7-m\libg_n.a(lib_a-nano-mallocr.o)
 .ARM.attributes
                0x0000033b       0x2d c:/program files (x86)/embitz/1.11/share/em_armgcc/bin/../lib/gcc/arm-none-eabi/5.4.1/../../../../arm-none-eabi/lib/armv7-m\libg_n.a(lib_a-sbrkr.o)
 .ARM.attributes
                0x00000368       0x2d c:/program files (x86)/embitz/1.11/share/em_armgcc/bin/../lib/gcc/arm-none-eabi/5.4.1/../../../../arm-none-eabi/lib/armv7-m\libg_n.a(lib_a-stdio.o)
 .ARM.attributes
                0x00000395       0x2d c:/program files (x86)/embitz/1.11/share/em_armgcc/bin/../lib/gcc/arm-none-eabi/5.4.1/../../../../arm-none-eabi/lib/armv7-m\libg_n.a(lib_a-strtol.o)
 .ARM.attributes
                0x000003c2       0x2d c:/program files (x86)/embitz/1.11/share/em_armgcc/bin/../lib/gcc/arm-none-eabi/5.4.1/../../../../arm-none-eabi/lib/armv7-m\libg_n.a(lib_a-strtoul.o)
 .ARM.attributes
                0x000003ef       0x2d c:/program files (x86)/embitz/1.11/share/em_armgcc/bin/../lib/gcc/arm-none-eabi/5.4.1/../../../../arm-none-eabi/lib/armv7-m\libg_n.a(lib_a-writer.o)
 .ARM.attributes
                0x0000041c       0x2d c:/program files (x86)/embitz/1.11/share/em_armgcc/bin/../lib/gcc/arm-none-eabi/5.4.1/../../../../arm-none-eabi/lib/armv7-m\libg_n.a(lib_a-closer.o)
 .ARM.attributes
                0x00000449       0x2d c:/program files (x86)/embitz/1.11/share/em_armgcc/bin/../lib/gcc/arm-none-eabi/5.4.1/../../../../arm-none-eabi/lib/armv7-m\libg_n.a(lib_a-ctype_.o)
 .ARM.attributes
                0x00000476       0x2d c:/program files (x86)/embitz/1.11/share/em_armgcc/bin/../lib/gcc/arm-none-eabi/5.4.1/../../../../arm-none-eabi/lib/armv7-m\libg_n.a(lib_a-lseekr.o)
 .ARM.attributes
                0x000004a3       0x2d c:/program files (x86)/embitz/1.11/share/em_armgcc/bin/../lib/gcc/arm-none-eabi/5.4.1/../../../../arm-none-eabi/lib/armv7-m\libg_n.a(lib_a-memcpy-stub.o)
 .ARM.attributes
                0x000004d0       0x2d c:/program files (x86)/embitz/1.11/share/em_armgcc/bin/../lib/gcc/arm-none-eabi/5.4.1/../../../../arm-none-eabi/lib/armv7-m\libg_n.a(lib_a-mlock.o)
 .ARM.attributes
                0x000004fd       0x2d c:/program files (x86)/embitz/1.11/share/em_armgcc/bin/../lib/gcc/arm-none-eabi/5.4.1/../../../../arm-none-eabi/lib/armv7-m\libg_n.a(lib_a-readr.o)
 .ARM.attributes
                0x0000052a       0x2d c:/program files (x86)/embitz/1.11/share/em_armgcc/bin/../lib/gcc/arm-none-eabi/5.4.1/../../../../arm-none-eabi/lib/armv7-m\libg_n.a(lib_a-reent.o)
 .ARM.attributes
                0x00000557       0x17 c:/program files (x86)/embitz/1.11/share/em_armgcc/bin/../lib/gcc/arm-none-eabi/5.4.1/../../../../arm-none-eabi/lib/armv7-m\libg_n.a(lib_a-strlen.o)
 .ARM.attributes
                0x0000056e       0x1d c:/program files (x86)/embitz/1.11/share/em_armgcc/bin/../lib/gcc/arm-none-eabi/5.4.1/armv7-m\libgcc.a(_arm_addsubdf3.o)
 .ARM.attributes
                0x0000058b       0x2d c:/program files (x86)/embitz/1.11/share/em_armgcc/bin/../lib/gcc/arm-none-eabi/5.4.1/../../../../arm-none-eabi/lib/armv7-m\libnosys_s.a(close.o)
 .ARM.attributes
                0x000005b8       0x2d c:/program files (x86)/embitz/1.11/share/em_armgcc/bin/../lib/gcc/arm-none-eabi/5.4.1/../../../../arm-none-eabi/lib/armv7-m\libnosys_s.a(lseek.o)
 .ARM.attributes
                0x000005e5       0x2d c:/program files (x86)/embitz/1.11/share/em_armgcc/bin/../lib/gcc/arm-none-eabi/5.4.1/../../../../arm-none-eabi/lib/armv7-m\libnosys_s.a(read.o)
 .ARM.attributes
                0x00000612       0x2d c:/program files (x86)/embitz/1.11/share/em_armgcc/bin/../lib/gcc/arm-none-eabi/5.4.1/../../../../arm-none-eabi/lib/armv7-m\libnosys_s.a(sbrk.o)
 .ARM.attributes
                0x0000063f       0x2d c:/program files (x86)/embitz/1.11/share/em_armgcc/bin/../lib/gcc/arm-none-eabi/5.4.1/../../../../arm-none-eabi/lib/armv7-m\libnosys_s.a(_exit.o)
 .ARM.attributes
                0x0000066c       0x2d c:/program files (x86)/embitz/1.11/share/em_armgcc/bin/../lib/gcc/arm-none-eabi/5.4.1/armv7-m/crtend.o
 .ARM.attributes
                0x00000699       0x1d c:/program files (x86)/embitz/1.11/share/em_armgcc/bin/../lib/gcc/arm-none-eabi/5.4.1/armv7-m/crtn.o
 .ARM.attributes
                0x000006b6       0x2d c:/program files (x86)/embitz/1.11/share/em_armgcc/bin/../lib/gcc/arm-none-eabi/5.4.1/../../../../arm-none-eabi/lib/armv7-m\libg_n.a(lib_a-printf.o)
 .ARM.attributes
                0x000006e3       0x2d c:/program files (x86)/embitz/1.11/share/em_armgcc/bin/../lib/gcc/arm-none-eabi/5.4.1/../../../../arm-none-eabi/lib/armv7-m\libg_n.a(lib_a-putchar.o)
 .ARM.attributes
                0x00000710       0x2d c:/program files (x86)/embitz/1.11/share/em_armgcc/bin/../lib/gcc/arm-none-eabi/5.4.1/../../../../arm-none-eabi/lib/armv7-m\libg_n.a(lib_a-puts.o)
 .ARM.attributes
                0x0000073d       0x2d c:/program files (x86)/embitz/1.11/share/em_armgcc/bin/../lib/gcc/arm-none-eabi/5.4.1/../../../../arm-none-eabi/lib/armv7-m\libg_n.a(lib_a-sprintf.o)
 .ARM.attributes
                0x0000076a       0x2d c:/program files (x86)/embitz/1.11/share/em_armgcc/bin/../lib/gcc/arm-none-eabi/5.4.1/../../../../arm-none-eabi/lib/armv7-m\libg_n.a(lib_a-strncpy.o)
 .ARM.attributes
                0x00000797       0x2d c:/program files (x86)/embitz/1.11/share/em_armgcc/bin/../lib/gcc/arm-none-eabi/5.4.1/../../../../arm-none-eabi/lib/armv7-m\libg_n.a(lib_a-vsnprintf.o)
 .ARM.attributes
                0x000007c4       0x2d c:/program files (x86)/embitz/1.11/share/em_armgcc/bin/../lib/gcc/arm-none-eabi/5.4.1/../../../../arm-none-eabi/lib/armv7-m\libg_n.a(lib_a-wbuf.o)
 .ARM.attributes
                0x000007f1       0x2d c:/program files (x86)/embitz/1.11/share/em_armgcc/bin/../lib/gcc/arm-none-eabi/5.4.1/../../../../arm-none-eabi/lib/armv7-m\libg_n.a(lib_a-wsetup.o)
 .ARM.attributes
                0x0000081e       0x2d c:/program files (x86)/embitz/1.11/share/em_armgcc/bin/../lib/gcc/arm-none-eabi/5.4.1/../../../../arm-none-eabi/lib/armv7-m\libg_n.a(lib_a-makebuf.o)
 .ARM.attributes
                0x0000084b       0x2d c:/program files (x86)/embitz/1.11/share/em_armgcc/bin/../lib/gcc/arm-none-eabi/5.4.1/../../../../arm-none-eabi/lib/armv7-m\libg_n.a(lib_a-nano-svfprintf.o)
 .ARM.attributes
                0x00000878       0x2d c:/program files (x86)/embitz/1.11/share/em_armgcc/bin/../lib/gcc/arm-none-eabi/5.4.1/../../../../arm-none-eabi/lib/armv7-m\libg_n.a(lib_a-nano-vfprintf.o)
 .ARM.attributes
                0x000008a5       0x2d c:/program files (x86)/embitz/1.11/share/em_armgcc/bin/../lib/gcc/arm-none-eabi/5.4.1/../../../../arm-none-eabi/lib/armv7-m\libg_n.a(lib_a-nano-vfprintf_i.o)
 .ARM.attributes
                0x000008d2       0x2d c:/program files (x86)/embitz/1.11/share/em_armgcc/bin/../lib/gcc/arm-none-eabi/5.4.1/../../../../arm-none-eabi/lib/armv7-m\libg_n.a(lib_a-putc.o)
 .ARM.attributes
                0x000008ff       0x2d c:/program files (x86)/embitz/1.11/share/em_armgcc/bin/../lib/gcc/arm-none-eabi/5.4.1/../../../../arm-none-eabi/lib/armv7-m\libg_n.a(lib_a-fstatr.o)
 .ARM.attributes
                0x0000092c       0x2d c:/program files (x86)/embitz/1.11/share/em_armgcc/bin/../lib/gcc/arm-none-eabi/5.4.1/../../../../arm-none-eabi/lib/armv7-m\libg_n.a(lib_a-isattyr.o)
 .ARM.attributes
                0x00000959       0x2d c:/program files (x86)/embitz/1.11/share/em_armgcc/bin/../lib/gcc/arm-none-eabi/5.4.1/../../../../arm-none-eabi/lib/armv7-m\libg_n.a(lib_a-memchr-stub.o)
 .ARM.attributes
                0x00000986       0x2d c:/program files (x86)/embitz/1.11/share/em_armgcc/bin/../lib/gcc/arm-none-eabi/5.4.1/../../../../arm-none-eabi/lib/armv7-m\libg_n.a(lib_a-memmove.o)
 .ARM.attributes
                0x000009b3       0x2d c:/program files (x86)/embitz/1.11/share/em_armgcc/bin/../lib/gcc/arm-none-eabi/5.4.1/../../../../arm-none-eabi/lib/armv7-m\libg_n.a(lib_a-nano-reallocr.o)
 .ARM.attributes
                0x000009e0       0x2d c:/program files (x86)/embitz/1.11/share/em_armgcc/bin/../lib/gcc/arm-none-eabi/5.4.1/../../../../arm-none-eabi/lib/armv7-m\libg_n.a(lib_a-nano-msizer.o)
 .ARM.attributes
                0x00000a0d       0x2d c:/program files (x86)/embitz/1.11/share/em_armgcc/bin/../lib/gcc/arm-none-eabi/5.4.1/../../../../arm-none-eabi/lib/armv7-m\libnosys_s.a(fstat.o)
 .ARM.attributes
                0x00000a3a       0x2d c:/program files (x86)/embitz/1.11/share/em_armgcc/bin/../lib/gcc/arm-none-eabi/5.4.1/../../../../arm-none-eabi/lib/armv7-m\libnosys_s.a(isatty.o)

.comment        0x00000000       0x6e
 .comment       0x00000000       0x6e C:\Users\Hoang\AppData\Local\Temp\ccp7A2l3.ltrans0.ltrans.o
                                 0x6f (size before relaxing)
 .comment       0x0000006e       0x6f C:\Users\Hoang\AppData\Local\Temp\ccp7A2l3.ltrans1.ltrans.o
 .comment       0x0000006e       0x6f C:\Users\Hoang\AppData\Local\Temp\ccp7A2l3.ltrans2.ltrans.o
 .comment       0x0000006e       0x6f C:\Users\Hoang\AppData\Local\Temp\ccp7A2l3.ltrans3.ltrans.o
 .comment       0x0000006e       0x6f C:\Users\Hoang\AppData\Local\Temp\ccp7A2l3.ltrans4.ltrans.o
 .comment       0x0000006e       0x6f C:\Users\Hoang\AppData\Local\Temp\ccp7A2l3.ltrans5.ltrans.o

.debug_info     0x00000000     0xb4a2
 .debug_info    0x00000000     0x1ddc C:\Users\Hoang\AppData\Local\Temp\ccp7A2l3.ltrans0.ltrans.o
 .debug_info    0x00001ddc     0x22de C:\Users\Hoang\AppData\Local\Temp\ccp7A2l3.ltrans1.ltrans.o
 .debug_info    0x000040ba     0x1e6d C:\Users\Hoang\AppData\Local\Temp\ccp7A2l3.ltrans2.ltrans.o
 .debug_info    0x00005f27     0x2174 C:\Users\Hoang\AppData\Local\Temp\ccp7A2l3.ltrans3.ltrans.o
 .debug_info    0x0000809b     0x1d3e C:\Users\Hoang\AppData\Local\Temp\ccp7A2l3.ltrans4.ltrans.o
 .debug_info    0x00009dd9     0x1614 C:\Users\Hoang\AppData\Local\Temp\ccp7A2l3.ltrans5.ltrans.o
 .debug_info    0x0000b3ed       0xb5 obj\release\~#\~#\common\spl_f103\src\startup_stm32f10x_md.o

.debug_abbrev   0x00000000     0x2248
 .debug_abbrev  0x00000000      0x537 C:\Users\Hoang\AppData\Local\Temp\ccp7A2l3.ltrans0.ltrans.o
 .debug_abbrev  0x00000537      0x588 C:\Users\Hoang\AppData\Local\Temp\ccp7A2l3.ltrans1.ltrans.o
 .debug_abbrev  0x00000abf      0x5bf C:\Users\Hoang\AppData\Local\Temp\ccp7A2l3.ltrans2.ltrans.o
 .debug_abbrev  0x0000107e      0x5c9 C:\Users\Hoang\AppData\Local\Temp\ccp7A2l3.ltrans3.ltrans.o
 .debug_abbrev  0x00001647      0x6bd C:\Users\Hoang\AppData\Local\Temp\ccp7A2l3.ltrans4.ltrans.o
 .debug_abbrev  0x00001d04      0x530 C:\Users\Hoang\AppData\Local\Temp\ccp7A2l3.ltrans5.ltrans.o
 .debug_abbrev  0x00002234       0x14 obj\release\~#\~#\common\spl_f103\src\startup_stm32f10x_md.o

.debug_loc      0x00000000     0x55dc
 .debug_loc     0x00000000      0xdd5 C:\Users\Hoang\AppData\Local\Temp\ccp7A2l3.ltrans0.ltrans.o
 .debug_loc     0x00000dd5      0xee8 C:\Users\Hoang\AppData\Local\Temp\ccp7A2l3.ltrans1.ltrans.o
 .debug_loc     0x00001cbd      0xb2a C:\Users\Hoang\AppData\Local\Temp\ccp7A2l3.ltrans2.ltrans.o
 .debug_loc     0x000027e7     0x192c C:\Users\Hoang\AppData\Local\Temp\ccp7A2l3.ltrans3.ltrans.o
 .debug_loc     0x00004113      0xe65 C:\Users\Hoang\AppData\Local\Temp\ccp7A2l3.ltrans4.ltrans.o
 .debug_loc     0x00004f78      0x664 C:\Users\Hoang\AppData\Local\Temp\ccp7A2l3.ltrans5.ltrans.o

.debug_aranges  0x00000000      0x2f8
 .debug_aranges
                0x00000000       0x28 C:\Users\Hoang\AppData\Local\Temp\ccp7A2l3.ltrans0.ltrans.o
 .debug_aranges
                0x00000028       0xa0 C:\Users\Hoang\AppData\Local\Temp\ccp7A2l3.ltrans1.ltrans.o
 .debug_aranges
                0x000000c8       0x50 C:\Users\Hoang\AppData\Local\Temp\ccp7A2l3.ltrans2.ltrans.o
 .debug_aranges
                0x00000118       0x90 C:\Users\Hoang\AppData\Local\Temp\ccp7A2l3.ltrans3.ltrans.o
 .debug_aranges
                0x000001a8       0xd0 C:\Users\Hoang\AppData\Local\Temp\ccp7A2l3.ltrans4.ltrans.o
 .debug_aranges
                0x00000278       0x60 C:\Users\Hoang\AppData\Local\Temp\ccp7A2l3.ltrans5.ltrans.o
 .debug_aranges
                0x000002d8       0x20 obj\release\~#\~#\common\spl_f103\src\startup_stm32f10x_md.o

.debug_ranges   0x00000000     0x1d08
 .debug_ranges  0x00000000      0x4a8 C:\Users\Hoang\AppData\Local\Temp\ccp7A2l3.ltrans0.ltrans.o
 .debug_ranges  0x000004a8      0x650 C:\Users\Hoang\AppData\Local\Temp\ccp7A2l3.ltrans1.ltrans.o
 .debug_ranges  0x00000af8      0x628 C:\Users\Hoang\AppData\Local\Temp\ccp7A2l3.ltrans2.ltrans.o
 .debug_ranges  0x00001120      0x548 C:\Users\Hoang\AppData\Local\Temp\ccp7A2l3.ltrans3.ltrans.o
 .debug_ranges  0x00001668      0x358 C:\Users\Hoang\AppData\Local\Temp\ccp7A2l3.ltrans4.ltrans.o
 .debug_ranges  0x000019c0      0x348 C:\Users\Hoang\AppData\Local\Temp\ccp7A2l3.ltrans5.ltrans.o

.debug_line     0x00000000     0x32b5
 .debug_line    0x00000000      0x86a C:\Users\Hoang\AppData\Local\Temp\ccp7A2l3.ltrans0.ltrans.o
 .debug_line    0x0000086a      0x963 C:\Users\Hoang\AppData\Local\Temp\ccp7A2l3.ltrans1.ltrans.o
 .debug_line    0x000011cd      0x8ff C:\Users\Hoang\AppData\Local\Temp\ccp7A2l3.ltrans2.ltrans.o
 .debug_line    0x00001acc      0x846 C:\Users\Hoang\AppData\Local\Temp\ccp7A2l3.ltrans3.ltrans.o
 .debug_line    0x00002312      0x960 C:\Users\Hoang\AppData\Local\Temp\ccp7A2l3.ltrans4.ltrans.o
 .debug_line    0x00002c72      0x585 C:\Users\Hoang\AppData\Local\Temp\ccp7A2l3.ltrans5.ltrans.o
 .debug_line    0x000031f7       0xbe obj\release\~#\~#\common\spl_f103\src\startup_stm32f10x_md.o

.debug_str      0x00000000     0x2fe5
 .debug_str     0x00000000      0xd1e C:\Users\Hoang\AppData\Local\Temp\ccp7A2l3.ltrans0.ltrans.o
                                0xdcf (size before relaxing)
 .debug_str     0x00000d1e      0x885 C:\Users\Hoang\AppData\Local\Temp\ccp7A2l3.ltrans1.ltrans.o
                               0x1056 (size before relaxing)
 .debug_str     0x000015a3      0x9b0 C:\Users\Hoang\AppData\Local\Temp\ccp7A2l3.ltrans2.ltrans.o
                                0xf01 (size before relaxing)
 .debug_str     0x00001f53      0x8d2 C:\Users\Hoang\AppData\Local\Temp\ccp7A2l3.ltrans3.ltrans.o
                                0xf6d (size before relaxing)
 .debug_str     0x00002825      0x4cf C:\Users\Hoang\AppData\Local\Temp\ccp7A2l3.ltrans4.ltrans.o
                                0xf39 (size before relaxing)
 .debug_str     0x00002cf4      0x2f1 C:\Users\Hoang\AppData\Local\Temp\ccp7A2l3.ltrans5.ltrans.o
                                0x901 (size before relaxing)

.debug_frame    0x00000000     0x1594
 .debug_frame   0x00000000       0x5c C:\Users\Hoang\AppData\Local\Temp\ccp7A2l3.ltrans0.ltrans.o
 .debug_frame   0x0000005c      0x28c C:\Users\Hoang\AppData\Local\Temp\ccp7A2l3.ltrans1.ltrans.o
 .debug_frame   0x000002e8       0xe0 C:\Users\Hoang\AppData\Local\Temp\ccp7A2l3.ltrans2.ltrans.o
 .debug_frame   0x000003c8      0x210 C:\Users\Hoang\AppData\Local\Temp\ccp7A2l3.ltrans3.ltrans.o
 .debug_frame   0x000005d8      0x2c8 C:\Users\Hoang\AppData\Local\Temp\ccp7A2l3.ltrans4.ltrans.o
 .debug_frame   0x000008a0      0x134 C:\Users\Hoang\AppData\Local\Temp\ccp7A2l3.ltrans5.ltrans.o
 .debug_frame   0x000009d4       0x28 c:/program files (x86)/embitz/1.11/share/em_armgcc/bin/../lib/gcc/arm-none-eabi/5.4.1/../../../../arm-none-eabi/lib/armv7-m\libg_n.a(lib_a-exit.o)
 .debug_frame   0x000009fc       0x68 c:/program files (x86)/embitz/1.11/share/em_armgcc/bin/../lib/gcc/arm-none-eabi/5.4.1/../../../../arm-none-eabi/lib/armv7-m\libg_n.a(lib_a-fflush.o)
 .debug_frame   0x00000a64      0x11c c:/program files (x86)/embitz/1.11/share/em_armgcc/bin/../lib/gcc/arm-none-eabi/5.4.1/../../../../arm-none-eabi/lib/armv7-m\libg_n.a(lib_a-findfp.o)
 .debug_frame   0x00000b80       0x54 c:/program files (x86)/embitz/1.11/share/em_armgcc/bin/../lib/gcc/arm-none-eabi/5.4.1/../../../../arm-none-eabi/lib/armv7-m\libg_n.a(lib_a-fwalk.o)
 .debug_frame   0x00000bd4       0x2c c:/program files (x86)/embitz/1.11/share/em_armgcc/bin/../lib/gcc/arm-none-eabi/5.4.1/../../../../arm-none-eabi/lib/armv7-m\libg_n.a(lib_a-init.o)
 .debug_frame   0x00000c00       0x20 c:/program files (x86)/embitz/1.11/share/em_armgcc/bin/../lib/gcc/arm-none-eabi/5.4.1/../../../../arm-none-eabi/lib/armv7-m\libg_n.a(lib_a-memset.o)
 .debug_frame   0x00000c20       0x38 c:/program files (x86)/embitz/1.11/share/em_armgcc/bin/../lib/gcc/arm-none-eabi/5.4.1/../../../../arm-none-eabi/lib/armv7-m\libg_n.a(lib_a-nano-freer.o)
 .debug_frame   0x00000c58       0x2c c:/program files (x86)/embitz/1.11/share/em_armgcc/bin/../lib/gcc/arm-none-eabi/5.4.1/../../../../arm-none-eabi/lib/armv7-m\libg_n.a(lib_a-nano-mallocr.o)
 .debug_frame   0x00000c84       0x2c c:/program files (x86)/embitz/1.11/share/em_armgcc/bin/../lib/gcc/arm-none-eabi/5.4.1/../../../../arm-none-eabi/lib/armv7-m\libg_n.a(lib_a-sbrkr.o)
 .debug_frame   0x00000cb0       0x88 c:/program files (x86)/embitz/1.11/share/em_armgcc/bin/../lib/gcc/arm-none-eabi/5.4.1/../../../../arm-none-eabi/lib/armv7-m\libg_n.a(lib_a-stdio.o)
 .debug_frame   0x00000d38       0x44 c:/program files (x86)/embitz/1.11/share/em_armgcc/bin/../lib/gcc/arm-none-eabi/5.4.1/../../../../arm-none-eabi/lib/armv7-m\libg_n.a(lib_a-strtol.o)
 .debug_frame   0x00000d7c       0x44 c:/program files (x86)/embitz/1.11/share/em_armgcc/bin/../lib/gcc/arm-none-eabi/5.4.1/../../../../arm-none-eabi/lib/armv7-m\libg_n.a(lib_a-strtoul.o)
 .debug_frame   0x00000dc0       0x2c c:/program files (x86)/embitz/1.11/share/em_armgcc/bin/../lib/gcc/arm-none-eabi/5.4.1/../../../../arm-none-eabi/lib/armv7-m\libg_n.a(lib_a-writer.o)
 .debug_frame   0x00000dec       0x2c c:/program files (x86)/embitz/1.11/share/em_armgcc/bin/../lib/gcc/arm-none-eabi/5.4.1/../../../../arm-none-eabi/lib/armv7-m\libg_n.a(lib_a-closer.o)
 .debug_frame   0x00000e18       0x2c c:/program files (x86)/embitz/1.11/share/em_armgcc/bin/../lib/gcc/arm-none-eabi/5.4.1/../../../../arm-none-eabi/lib/armv7-m\libg_n.a(lib_a-lseekr.o)
 .debug_frame   0x00000e44       0x28 c:/program files (x86)/embitz/1.11/share/em_armgcc/bin/../lib/gcc/arm-none-eabi/5.4.1/../../../../arm-none-eabi/lib/armv7-m\libg_n.a(lib_a-memcpy-stub.o)
 .debug_frame   0x00000e6c       0x30 c:/program files (x86)/embitz/1.11/share/em_armgcc/bin/../lib/gcc/arm-none-eabi/5.4.1/../../../../arm-none-eabi/lib/armv7-m\libg_n.a(lib_a-mlock.o)
 .debug_frame   0x00000e9c       0x2c c:/program files (x86)/embitz/1.11/share/em_armgcc/bin/../lib/gcc/arm-none-eabi/5.4.1/../../../../arm-none-eabi/lib/armv7-m\libg_n.a(lib_a-readr.o)
 .debug_frame   0x00000ec8       0x5c c:/program files (x86)/embitz/1.11/share/em_armgcc/bin/../lib/gcc/arm-none-eabi/5.4.1/../../../../arm-none-eabi/lib/armv7-m\libg_n.a(lib_a-reent.o)
 .debug_frame   0x00000f24       0x20 c:/program files (x86)/embitz/1.11/share/em_armgcc/bin/../lib/gcc/arm-none-eabi/5.4.1/../../../../arm-none-eabi/lib/armv7-m\libnosys_s.a(close.o)
 .debug_frame   0x00000f44       0x20 c:/program files (x86)/embitz/1.11/share/em_armgcc/bin/../lib/gcc/arm-none-eabi/5.4.1/../../../../arm-none-eabi/lib/armv7-m\libnosys_s.a(lseek.o)
 .debug_frame   0x00000f64       0x20 c:/program files (x86)/embitz/1.11/share/em_armgcc/bin/../lib/gcc/arm-none-eabi/5.4.1/../../../../arm-none-eabi/lib/armv7-m\libnosys_s.a(read.o)
 .debug_frame   0x00000f84       0x20 c:/program files (x86)/embitz/1.11/share/em_armgcc/bin/../lib/gcc/arm-none-eabi/5.4.1/../../../../arm-none-eabi/lib/armv7-m\libnosys_s.a(sbrk.o)
 .debug_frame   0x00000fa4       0x20 c:/program files (x86)/embitz/1.11/share/em_armgcc/bin/../lib/gcc/arm-none-eabi/5.4.1/../../../../arm-none-eabi/lib/armv7-m\libnosys_s.a(_exit.o)
 .debug_frame   0x00000fc4       0x74 c:/program files (x86)/embitz/1.11/share/em_armgcc/bin/../lib/gcc/arm-none-eabi/5.4.1/../../../../arm-none-eabi/lib/armv7-m\libg_n.a(lib_a-printf.o)
 .debug_frame   0x00001038       0x58 c:/program files (x86)/embitz/1.11/share/em_armgcc/bin/../lib/gcc/arm-none-eabi/5.4.1/../../../../arm-none-eabi/lib/armv7-m\libg_n.a(lib_a-putchar.o)